[backblue.gif]
[fade.gif]
[index.html]
[www.kurtaghar.com/assets/img/favicon.ico]
[www.kurtaghar.com/assets/img/logo.png]
[www.kurtaghar.com/assets/img/product/cart1.jpg]
[www.kurtaghar.com/assets/img/product/cart2.jpg]
[www.kurtaghar.com/assets/img/product/cart3.jpg]
[www.kurtaghar.com/assets/img/logo-2.png]
[www.kurtaghar.com/assets/img/all/1.png]
[www.kurtaghar.com/assets/img/slider/1.jpg]
[www.kurtaghar.com/assets/img/slider/1xs.jpg]
[www.kurtaghar.com/assets/img/slider/2.jpg]
[www.kurtaghar.com/assets/img/slider/2xs.jpg]
[www.kurtaghar.com/assets/img/slider/3.jpg]
[www.kurtaghar.com/assets/img/slider/3xs.jpg]
[www.kurtaghar.com/assets/img/banners/3.jpg]
[www.kurtaghar.com/assets/img/banners/4.jpg]
[www.kurtaghar.com/assets/img/banners/5.jpg]
[www.kurtaghar.com/assets/img/product/front-1.jpg]
[www.kurtaghar.com/assets/img/product/front-2.jpg]
[www.kurtaghar.com/assets/img/product/front-3.jpg]
[www.kurtaghar.com/assets/img/product/front-4.jpg]
[www.kurtaghar.com/assets/img/product/front-5.jpg]
[www.kurtaghar.com/assets/img/product/front-6.jpg]
[www.kurtaghar.com/assets/img/product/front-7.jpg]
[www.kurtaghar.com/assets/img/product/front-8.jpg]
[www.kurtaghar.com/assets/img/product/front-9.jpg]
[www.kurtaghar.com/assets/img/product/front-10.jpg]
[www.kurtaghar.com/assets/img/product/front-11.jpg]
[www.kurtaghar.com/assets/img/product/front-12.jpg]
[www.kurtaghar.com/assets/img/banners/1.jpg]
[www.kurtaghar.com/assets/img/banners/2.jpg]
[www.kurtaghar.com/assets/img/product/back-2.jpg]
[www.kurtaghar.com/assets/img/product/back-4.jpg]
[www.kurtaghar.com/assets/img/product/back-5.jpg]
[www.kurtaghar.com/assets/img/product/back-6.jpg]
[www.kurtaghar.com/assets/img/product/back-7.jpg]
[www.kurtaghar.com/assets/img/product/back-9.jpg]
[www.kurtaghar.com/assets/img/collection/4.jpg]
[www.kurtaghar.com/assets/img/collection/4-xs.jpg]
[www.kurtaghar.com/assets/img/collection/2.jpg]
[www.kurtaghar.com/assets/img/collection/3-xs.jpg]
[www.kurtaghar.com/assets/img/collection/3.jpg]
[www.kurtaghar.com/assets/img/collection/2-xs.jpg]
[www.kurtaghar.com/assets/img/collection/1.jpg]
[www.kurtaghar.com/assets/img/collection/1-xs.jpg]
[www.kurtaghar.com/assets/img/all/wa-blog-01.jpg]
[www.kurtaghar.com/assets/img/all/wa-blog-2.jpg]
[www.kurtaghar.com/assets/img/all/wa-blog-3.jpg]
[www.kurtaghar.com/assets/img/partner/1.png]
[www.kurtaghar.com/assets/img/partner/2.png]
[www.kurtaghar.com/assets/img/partner/3.png]
[www.kurtaghar.com/assets/img/partner/4.png]
[www.kurtaghar.com/assets/img/partner/5.png]
[www.kurtaghar.com/assets/img/partner/6.png]
[www.kurtaghar.com/assets/img/partner/7.png]
[www.kurtaghar.com/assets/img/partner/8.png]
[www.kurtaghar.com/assets/img/all/wa-blog-1.jpg]
[www.kurtaghar.com/assets/img/all/wa-blog-4.jpg]
[www.kurtaghar.com/assets/img/all/wa-blog-5.jpg]
[www.kurtaghar.com/assets/img/all/wa-blog-6.jpg]
[www.kurtaghar.com/assets/img/all/wa-blog-7.jpg]
[www.kurtaghar.com/assets/img/all/wa-blog-8.jpg]
[www.kurtaghar.com/assets/img/backgrounds/bg4.jpg]
[www.kurtaghar.com/assets/img/product/8.jpg]
[www.kurtaghar.com/index.html]
[www.kurtaghar.com/assets/css/style.css]
[www.kurtaghar.com/assets/css/responsive.css]
[www.kurtaghar.com/assets/css/color.css]
[www.kurtaghar.com/index-2.html]
[www.kurtaghar.com/assets/img/product/1m.jpg]
[www.kurtaghar.com/assets/img/product/2m.jpg]
[www.kurtaghar.com/assets/img/product/3m.jpg]
[www.kurtaghar.com/assets/img/product/4m.jpg]
[www.kurtaghar.com/collection-grid-sidebar.html]
[www.kurtaghar.com/collection-list-sidebar.html]
[www.kurtaghar.com/collection-grid-fullwidth.html]
[www.kurtaghar.com/collection-list-fullwidth.html]
[www.kurtaghar.com/assets/img/product/product-detail.jpg]
[www.kurtaghar.com/assets/img/product/product-detail-1.jpg]
[www.kurtaghar.com/assets/img/product/product-detail-2.jpg]
[www.kurtaghar.com/assets/img/product/product-detail-3.jpg]
[www.kurtaghar.com/assets/img/product/product-detail-4.jpg]
[www.kurtaghar.com/assets/img/product/product-detail-5.jpg]
[www.kurtaghar.com/assets/img/author/1.jpg]
[www.kurtaghar.com/assets/img/author/2.jpg]
[www.kurtaghar.com/assets/img/author/3.jpg]
[www.kurtaghar.com/product-detail.html]
[www.kurtaghar.com/cart.html]
[www.kurtaghar.com/checkout.html]
[www.kurtaghar.com/assets/img/backgrounds/bg2.jpg]
[www.kurtaghar.com/assets/img/all/error.png]
[www.kurtaghar.com/404.html]
[www.kurtaghar.com/FAQ.html]
[www.kurtaghar.com/assets/img/backgrounds/bg3.jpg]
[www.kurtaghar.com/login-area.html]
[www.kurtaghar.com/default-page.html]
[www.kurtaghar.com/assets/img/testimonial/1.jpg]
[www.kurtaghar.com/assets/img/testimonial/2.jpg]
[www.kurtaghar.com/blog-style1.html]
[www.kurtaghar.com/blog-style3.html]
[www.kurtaghar.com/blog-style2.html]
[www.kurtaghar.com/blog-style4.html]
[www.kurtaghar.com/assets/img/all/wa-blog-detail.jpg]
[www.kurtaghar.com/blog-single-sidebar.html]
[www.kurtaghar.com/assets/img/all/wa-blog-detail2.jpg]
[www.kurtaghar.com/blog-single-full-width.html]
[www.kurtaghar.com/contact.html]
[www.kurtaghar.com/assets/js/jquery.min.js]
[www.kurtaghar.com/assets/js/bootstrap.min.js]
[www.kurtaghar.com/assets/plugins/menu/js/hover-dropdown-menu.js]
[www.kurtaghar.com/assets/plugins/menu/js/jquery.hover-dropdown-menu-addon.js]
[www.kurtaghar.com/assets/plugins/owl-carousel/js/owl.carousel.js]
[www.kurtaghar.com/assets/js/main.js]
[www.kurtaghar.com/assets/fonts/glyphicons-halflings-regular.eot]
[www.kurtaghar.com/assets/fonts/glyphicons-halflings-regulard41dd41d.eot]
[www.kurtaghar.com/assets/fonts/glyphicons-halflings-regular.woff2]
[www.kurtaghar.com/assets/fonts/glyphicons-halflings-regular.woff]
[www.kurtaghar.com/assets/fonts/glyphicons-halflings-regular.ttf]
[www.kurtaghar.com/assets/css/bootstrap.min.css]
[www.kurtaghar.com/assets/plugins/menu/css/hover-dropdown-menu.css]
[www.kurtaghar.com/assets/plugins/font-awesome/fonts/fontawesome-webfont3e6e3e6e.eot]
[www.kurtaghar.com/assets/plugins/font-awesome/fonts/fontawesome-webfontd41dd41d.eot]
[www.kurtaghar.com/assets/plugins/font-awesome/fonts/fontawesome-webfont3e6e3e6e.woff2]
[www.kurtaghar.com/assets/plugins/font-awesome/fonts/fontawesome-webfont3e6e3e6e.woff]
[www.kurtaghar.com/assets/plugins/font-awesome/fonts/fontawesome-webfont3e6e3e6e.ttf]
[www.kurtaghar.com/assets/plugins/font-awesome/css/font-awesome.min.css]
[www.kurtaghar.com/assets/plugins/owl-carousel/css/grabbing.png]
[www.kurtaghar.com/assets/plugins/owl-carousel/css/owl.carousel.css]
[www.kurtaghar.com/assets/plugins/fancymedia/css/fancybox_sprite.png]
[www.kurtaghar.com/assets/plugins/fancymedia/css/fancybox_loading.gif]
[www.kurtaghar.com/assets/plugins/fancymedia/css/blank.gif]
[www.kurtaghar.com/assets/plugins/fancymedia/css/fancybox_overlay.png]
[www.kurtaghar.com/assets/plugins/fancymedia/css/fancybox_sprite@2x.png]
[www.kurtaghar.com/assets/plugins/fancymedia/css/fancybox_loading@2x.gif]
[www.kurtaghar.com/assets/plugins/fancymedia/css/jquery.fancybox.css]
[www.kurtaghar.com/assets/img/icons/ui-icons_444444_256x240.png]
[www.kurtaghar.com/assets/img/icons/ui-icons_555555_256x240.png]
[www.kurtaghar.com/assets/img/icons/ui-icons_ffffff_256x240.png]
[www.kurtaghar.com/assets/css/jquery-ui.css]
[www.kurtaghar.com/assets/js/jquery-ui.js]
[www.kurtaghar.com/assets/plugins/fancymedia/js/jquery.fancybox.pack.js]
[www.kurtaghar.com/assets/plugins/fancymedia/js/jquery.fancybox-media.js]
[www.kurtaghar.com/assets/plugins/counter/js/jquery.countTo.js]
[www.kurtaghar.com/assets/plugins/counter/js/jquery.appear.js]
[www.kurtaghar.com/Popover requires tooltip.html]
[www.kurtaghar.com/assets/fonts/glyphicons-halflings-regular.html]
[www.kurtaghar.com/assets/plugins/font-awesome/fonts/fontawesome-webfont3e6e3e6e.html]
[www.kurtaghar.com/assets/img/icons/ui-icons_777620_256x240.html]
[www.kurtaghar.com/assets/img/icons/ui-icons_cc0000_256x240.html]
[www.kurtaghar.com/assets/img/icons/ui-icons_777777_256x240.html]
[www.kurtaghar.com/assets/img/icons/GET.html]
[www.kurtaghar.com/errors/MultiDomainHosting.html]
