[www.tonyrobbins.com/events/index.html]
[backblue.gif]
[fade.gif]
[index.html]
[www.tonyrobbins.com/events/page/2/index.html]
[www.tonyrobbins.com/wp-content/plugins/uk-cookie-consent/assets/css/style37cb.css]
[www.tonyrobbins.com/wp-content/plugins/ajax-search-pro/css/style.basicd3ff.css]
[www.tonyrobbins.com/wp-content/plugins/ajax-search-pro/css/chosen/chosend3ff.css]
[www.tonyrobbins.com/wp-content/plugins/new-royalslider/lib/royalslider/royalslidere485.css]
[www.tonyrobbins.com/wp-content/plugins/new-royalslider/lib/royalslider/skins/default-inverted/rs-default-invertede485.css]
[ajax.googleapis.com/ajax/libs/jquery/2.2.0/jquery.min.js]
[www.tonyrobbins.com/wp-content/plugins/ajax-search-pro/img/loading/newload1.gif]
[www.tonyrobbins.com/wp-content/themes/tonyrobbins2016/images/favicon/apple-icon-57x57.png]
[www.tonyrobbins.com/wp-content/themes/tonyrobbins2016/images/favicon/apple-icon-60x60.png]
[www.tonyrobbins.com/wp-content/themes/tonyrobbins2016/images/favicon/apple-icon-72x72.png]
[www.tonyrobbins.com/wp-content/themes/tonyrobbins2016/images/favicon/apple-icon-76x76.png]
[www.tonyrobbins.com/wp-content/themes/tonyrobbins2016/images/favicon/apple-icon-114x114.png]
[www.tonyrobbins.com/wp-content/themes/tonyrobbins2016/images/favicon/apple-icon-120x120.png]
[www.tonyrobbins.com/wp-content/themes/tonyrobbins2016/images/favicon/apple-icon-144x144.png]
[www.tonyrobbins.com/wp-content/themes/tonyrobbins2016/images/favicon/apple-icon-152x152.png]
[www.tonyrobbins.com/wp-content/themes/tonyrobbins2016/images/favicon/apple-icon-180x180.png]
[www.tonyrobbins.com/wp-content/themes/tonyrobbins2016/images/favicon/android-icon-192x192.png]
[www.tonyrobbins.com/wp-content/themes/tonyrobbins2016/images/favicon/favicon-32x32.png]
[www.tonyrobbins.com/wp-content/themes/tonyrobbins2016/images/favicon/favicon-96x96.png]
[www.tonyrobbins.com/wp-content/themes/tonyrobbins2016/images/favicon/favicon-16x16.png]
[cdnjs.cloudflare.com/ajax/libs/font-awesome/4.7.0/css/font-awesome.css]
[maxcdn.bootstrapcdn.com/bootstrap/3.3.5/css/bootstrap.min.css]
[fast.fonts.net/cssapi/0257ef63-fe24-4ebb-95d5-84903abebe14.css]
[www.tonyrobbins.com/wp-content/themes/tonyrobbins2016/styleda74.css]
[www.tonyrobbins.com/wp-content/themes/tonyrobbins2016/Magnific-Popup-master/magnific-popup.css]
[www.tonyrobbins.com/wp-content/themes/tonyrobbins2016/owl.css]
[cdn.jsdelivr.net/jquery.slick/1.6.0/slick.css]
[www.tonyrobbins.com/wp-content/themes/tonyrobbins2016/themeda74.css]
[cdn.jsdelivr.net/jquery.slick/1.6.0/slick.min.js]
[cdn.optimizely.com/js/6055763014.js]
[code.jquery.com/ui/1.12.1/jquery-ui.min.js]
[cdn.jsdelivr.net/jquery.validation/1.16.0/jquery.validate.min.js]
[ajax.aspnetcdn.com/ajax/jquery.validate/1.15.0/additional-methods.min.js]
[app-sj03.marketo.com/js/forms2/js/forms2.min.js]
[www.tonyrobbins.com/wp-content/themes/tonyrobbins2016/js/informatica.connector.js]
[www.tonyrobbins.com/wp-content/themes/tonyrobbins2016/Magnific-Popup-master/jquery.magnific-popup.min.js]
[www.tonyrobbins.com/wp-content/themes/tonyrobbins2016/js/jquery.countdown.min.js]
[www.tonyrobbins.com/wp-content/themes/tonyrobbins2016/js/js.cookie.js]
[www.tonyrobbins.com/wp-content/themes/tonyrobbins2016/js/jquery.waypoints.min.js]
[www.tonyrobbins.com/wp-content/themes/tonyrobbins2016/js/jquery.cycle2.min.js]
[www.tonyrobbins.com/wp-content/themes/tonyrobbins2016/js/jquery.selectric.js]
[www.tonyrobbins.com/wp-content/themes/tonyrobbins2016/js/jquery.equalizer.min.js]
[www.tonyrobbins.com/wp-content/themes/tonyrobbins2016/js/jquery.backstretch.min.js]
[www.tonyrobbins.com/wp-content/themes/tonyrobbins2016/js/velocity.min.js]
[www.tonyrobbins.com/wp-content/themes/tonyrobbins2016/js/velocity.ui.js]
[www.tonyrobbins.com/wp-content/themes/tonyrobbins2016/js/sticky.tabs.js]
[www.tonyrobbins.com/wp-content/themes/tonyrobbins2016/js/vertical-slider.js]
[www.tonyrobbins.com/wp-content/themes/tonyrobbins2016/js/owl.carousel.min.js]
[munchkin.marketo.net/munchkin.js]
[www.tonyrobbins.com/wp-content/themes/tonyrobbins2016/js/scripts.js]
[www.tonyrobbins.com/events/index.html]
[staticw2.yotpo.com/V2O3QSnk3YCZCdoBi0NLAUM8uQZeUBZIkvDYQExn/widget.js]
[www.tonyrobbins.com/events/page/2/index.html]
[www.bugherd.com/sidebarv2290c.js]
[www.tonyrobbins.com/events/unleash-the-power-within/new-york-area-11-08-2018/index.html]
[www.tonyrobbins.com/events/indexd784.html]
[www.tonyrobbins.com/events/business-mastery/palm-beach/index.html]
[www.tonyrobbins.com/events/life-wealth-mastery/index.html]
[www.tonyrobbins.com/wp-content/plugins/hreflang-manager/css/log-style37cb.css]
[www.tonyrobbins.com/wp-content/plugins/uk-cookie-consent/assets/css/style37cb.css]
[www.tonyrobbins.com/wp-content/plugins/ajax-search-pro/css/style.basicd3ff.css]
[www.tonyrobbins.com/events/leadership-academy/san-diego-08-26-2018/index.html]
[www.tonyrobbins.com/wp-content/plugins/ajax-search-pro/css/chosen/chosen-sprite.png]
[cdnwp.tonyrobbins.com/wp-content/uploads/2018/03/ExperiencesBanner.jpg]
[www.tonyrobbins.com/wp-content/plugins/ajax-search-pro/css/chosen/chosen-sprite@2x.png]
[www.tonyrobbins.com/wp-content/plugins/ajax-search-pro/css/chosen/chosend3ff.css]
[www.tonyrobbins.com/wp-content/plugins/new-royalslider/lib/royalslider/grab.png]
[www.tonyrobbins.com/wp-content/plugins/new-royalslider/lib/royalslider/grabbing.png]
[www.tonyrobbins.com/wp-content/plugins/new-royalslider/lib/royalslider/blank.gif]
[www.tonyrobbins.com/wp-content/plugins/new-royalslider/lib/royalslider/royalslidere485.css]
[www.tonyrobbins.com/wp-content/plugins/new-royalslider/lib/royalslider/skins/default-inverted/rs-default-inverted.png]
[www.tonyrobbins.com/wp-content/plugins/new-royalslider/lib/royalslider/skins/preloaders/preloader.gif]
[www.tonyrobbins.com/wp-content/plugins/new-royalslider/lib/royalslider/skins/default-inverted/rs-default-invertede485.css]
[www.tonyrobbins.com/wp-content/plugins/new-royalslider/lib/royalslider/templates-css/rs-home-templatee485.css]
[cdnjs.cloudflare.com/ajax/libs/font-awesome/4.7.0/css/font-awesome.css]
[maxcdn.bootstrapcdn.com/bootstrap/3.3.5/css/bootstrap.min.css]
[fast.fonts.net/cssapi/0257ef63-fe24-4ebb-95d5-84903abebe14.css]
[www.tonyrobbins.com/wp-content/themes/tonyrobbins2016/fonts/stylesheet.css]
[www.tonyrobbins.com/wp-content/themes/tonyrobbins2016/styleda74.css]
[www.tonyrobbins.com/wp-content/themes/tonyrobbins2016/Magnific-Popup-master/magnific-popup.css]
