[www.tonyrobbins.com/index.html]
[backblue.gif]
[fade.gif]
[index.html]
[www.tonyrobbins.com/wp-content/plugins/uk-cookie-consent/assets/css/style37cb.css]
[www.tonyrobbins.com/amp/index.html]
[www.tonyrobbins.com/wp-content/plugins/ajax-search-pro/css/style.basicd3ff.css]
[www.tonyrobbins.com/wp-content/plugins/ajax-search-pro/css/chosen/chosend3ff.css]
[www.tonyrobbins.com/wp-content/plugins/new-royalslider/lib/royalslider/royalslidere485.css]
[www.tonyrobbins.com/wp-content/plugins/new-royalslider/lib/royalslider/skins/default-inverted/rs-default-invertede485.css]
[ajax.googleapis.com/ajax/libs/jquery/2.2.0/jquery.min.js]
[www.tonyrobbins.com/xmlrpc0db0.php]
[www.tonyrobbins.com/wp-json/index.html]
[www.tonyrobbins.com/wp-includes/wlwmanifest.xml]
[www.tonyrobbins.com/wp-json/oembed/1.0/embed8243.json]
[www.tonyrobbins.com/wp-json/oembed/1.0/embedbe7b]
[www.tonyrobbins.com/wp-content/plugins/ajax-search-pro/css/fonts/icons/icons2.eot]
[www.tonyrobbins.com/wp-content/plugins/ajax-search-pro/css/fonts/icons/icons2d41d.eot]
[www.tonyrobbins.com/wp-content/plugins/ajax-search-pro/css/fonts/icons/icons2.woff]
[www.tonyrobbins.com/wp-content/plugins/ajax-search-pro/css/fonts/icons/icons2.ttf]
[www.tonyrobbins.com/wp-content/plugins/ajax-search-pro/img/loading/newload1.gif]
[www.tonyrobbins.com/wp-content/themes/tonyrobbins2016/images/favicon/apple-icon-57x57.png]
[www.tonyrobbins.com/wp-content/themes/tonyrobbins2016/images/favicon/apple-icon-60x60.png]
[www.tonyrobbins.com/wp-content/themes/tonyrobbins2016/images/favicon/apple-icon-72x72.png]
[www.tonyrobbins.com/wp-content/themes/tonyrobbins2016/images/favicon/apple-icon-76x76.png]
[www.tonyrobbins.com/wp-content/themes/tonyrobbins2016/images/favicon/apple-icon-114x114.png]
[www.tonyrobbins.com/wp-content/themes/tonyrobbins2016/images/favicon/apple-icon-120x120.png]
[www.tonyrobbins.com/wp-content/themes/tonyrobbins2016/images/favicon/apple-icon-144x144.png]
[www.tonyrobbins.com/wp-content/themes/tonyrobbins2016/images/favicon/apple-icon-152x152.png]
[www.tonyrobbins.com/wp-content/themes/tonyrobbins2016/images/favicon/apple-icon-180x180.png]
[www.tonyrobbins.com/wp-content/themes/tonyrobbins2016/images/favicon/android-icon-192x192.png]
[www.tonyrobbins.com/wp-content/themes/tonyrobbins2016/images/favicon/favicon-32x32.png]
[www.tonyrobbins.com/wp-content/themes/tonyrobbins2016/images/favicon/favicon-96x96.png]
[www.tonyrobbins.com/wp-content/themes/tonyrobbins2016/images/favicon/favicon-16x16.png]
[www.tonyrobbins.com/wp-content/themes/tonyrobbins2016/images/favicon/manifest.json]
[cdnjs.cloudflare.com/ajax/libs/font-awesome/4.7.0/css/font-awesome.css]
[maxcdn.bootstrapcdn.com/bootstrap/3.3.5/css/bootstrap.min.css]
[fast.fonts.net/cssapi/0257ef63-fe24-4ebb-95d5-84903abebe14.css]
[www.tonyrobbins.com/wp-content/themes/tonyrobbins2016/style2c6c.css]
[www.tonyrobbins.com/wp-content/themes/tonyrobbins2016/Magnific-Popup-master/magnific-popup.css]
[www.tonyrobbins.com/wp-content/themes/tonyrobbins2016/owl.css]
[www.tonyrobbins.com/wp-content/themes/tonyrobbins2016/themecffe.css]
[www.tonyrobbins.com/wp-content/themes/tonyrobbins2016/animate.css]
[cdn.rawgit.com/michalsnik/aos/2.1.1/dist/aos.css]
[cdnjs.cloudflare.com/ajax/libs/slick-lightbox/0.2.12/slick-lightbox.css]
[cdn.jsdelivr.net/jquery.slick/1.6.0/slick.css]
[cdn.jsdelivr.net/jquery.slick/1.6.0/slick.min.js]
[cdn.optimizely.com/js/6055763014.js]
[code.jquery.com/ui/1.12.1/jquery-ui.min.js]
[cdn.jsdelivr.net/jquery.validation/1.16.0/jquery.validate.min.js]
[ajax.aspnetcdn.com/ajax/jquery.validate/1.15.0/additional-methods.min.js]
[app-sj03.marketo.com/js/forms2/js/forms2.min.js]
[maxcdn.bootstrapcdn.com/bootstrap/3.3.5/js/bootstrap.min.js]
[www.tonyrobbins.com/wp-content/themes/tonyrobbins2016/js/informatica.connector.js]
[www.tonyrobbins.com/wp-content/themes/tonyrobbins2016/Magnific-Popup-master/jquery.magnific-popup.min.js]
[www.tonyrobbins.com/wp-content/themes/tonyrobbins2016/js/jquery.countdown.min25cd.js]
[www.tonyrobbins.com/wp-content/themes/tonyrobbins2016/js/js.cookie.js]
[www.tonyrobbins.com/wp-content/themes/tonyrobbins2016/js/jquery.waypoints.min.js]
[www.tonyrobbins.com/wp-content/themes/tonyrobbins2016/js/jquery.cycle2.min.js]
[www.tonyrobbins.com/wp-content/themes/tonyrobbins2016/js/jquery.selectric.js]
[www.tonyrobbins.com/wp-content/themes/tonyrobbins2016/js/jquery.equalizer.min.js]
[www.tonyrobbins.com/wp-content/themes/tonyrobbins2016/js/jquery.backstretch.min.js]
[www.tonyrobbins.com/wp-content/themes/tonyrobbins2016/js/velocity.min.js]
[www.tonyrobbins.com/wp-content/themes/tonyrobbins2016/js/velocity.ui.js]
[www.tonyrobbins.com/wp-content/themes/tonyrobbins2016/js/sticky.tabs.js]
[www.tonyrobbins.com/wp-content/themes/tonyrobbins2016/js/vertical-slider.js]
[www.tonyrobbins.com/wp-content/themes/tonyrobbins2016/js/owl.carousel.min.js]
[www.tonyrobbins.com/wp-content/themes/tonyrobbins2016/js/scripts.js]
[cdnjs.cloudflare.com/ajax/libs/slick-lightbox/0.2.12/slick-lightbox.min.js]
[www.google.com/recaptcha/api.js]
[munchkin.marketo.net/munchkin.js]
[www.bugherd.com/sidebarv2290c.js]
[staticw2.yotpo.com/V2O3QSnk3YCZCdoBi0NLAUM8uQZeUBZIkvDYQExn/widget.js]
[www.tonyrobbins.com/inc/salesforce/email_password.html]
[www.tonyrobbins.com/ask-tony/index.html]
[www.tonyrobbins.com/biography/index.html]
[www.tonyrobbins.com/giving-back/index.html]
[www.tonyrobbins.com/company-culture/index.html]
[www.tonyrobbins.com/events/index.html]
[www.tonyrobbins.com/events/unleash-the-power-within/new-york-area-11-08-2018/index.html]
[www.tonyrobbins.com/events/business-mastery/palm-beach/index.html]
[www.tonyrobbins.com/events/leadership-academy/san-diego-08-26-2018/index.html]
[www.tonyrobbins.com/events/life-wealth-mastery/index.html]
[www.tonyrobbins.com/business-results-training/index.html]
[www.tonyrobbins.com/platinum-partnership/index.html]
[www.tonyrobbins.com/community/index.html]
[www.tonyrobbins.com/coaching/index.html]
[cdnwp.tonyrobbins.com/wp-content/uploads/2017/03/intro-image-1.jpg]
[www.tonyrobbins.com/coaching/results-coaching/index.html]
[www.tonyrobbins.com/blog/index.html]
[www.tonyrobbins.com/stories/index.html]
[www.tonyrobbins.com/assessments/index.html]
[www.tonyrobbins.com/growth-solutions/index.html]
[cdnwp.tonyrobbins.com/wp-content/uploads/2018/07/healthlne-family-homepage.jpg]
[www.tonyrobbins.com/media-library/index.html]
[www.tonyrobbins.com/breakthrough-app/index.html]
[www.tonyrobbins.com/get-involved/index.html]
[www.tonyrobbins.com/terms-of-use/index.html]
[cdnwp.tonyrobbins.com/wp-content/uploads/2017/03/feature1.jpg]
[www.tonyrobbins.com/employment-opportunities/index.html]
[cdnwp.tonyrobbins.com/wp-content/uploads/2017/03/feature2.jpg]
[www.tonyrobbins.com/privacy-policy/index.html]
[www.tonyrobbins.com/personal-main/index.html]
[cdnwp.tonyrobbins.com/wp-content/uploads/2017/03/section-image-1.jpg]
[www.tonyrobbins.com/business-main/index.html]
[www.tonyrobbins.com/wp-content/themes/tonyrobbins2016/images/temp/section-testimonials-bg.jpg]
[cdnwp.tonyrobbins.com/wp-content/uploads/2017/03/testimonial1.jpg]
[cdnwp.tonyrobbins.com/wp-content/uploads/2017/03/testimonial2.jpg]
[cdnwp.tonyrobbins.com/wp-content/uploads/2017/04/pitbull_headshot.png]
[cdnwp.tonyrobbins.com/wp-content/uploads/2018/07/HomeStoreImage.png]
[cdnwp.tonyrobbins.com/wp-content/uploads/2017/07/unshakeablebookimage_trans.png]
[cdnwp.tonyrobbins.com/wp-content/uploads/2018/06/new-breakfast_health_header_1280.jpg]
[www.tonyrobbins.com/health-vitality/break-out-of-your-breakfast-rut/index.html]
[cdnwp.tonyrobbins.com/wp-content/uploads/2017/09/white-outlined_health-and-vitality.png]
[cdnwp.tonyrobbins.com/wp-content/uploads/2018/06/Banner_Leverage.jpg]
[cdnwp.tonyrobbins.com/wp-content/uploads/2017/09/white-outlined_career-and-business-.png]
[cdnwp.tonyrobbins.com/wp-content/uploads/2017/06/7040001110_1280x565-1.jpg]
[www.tonyrobbins.com/career-business/the-power-of-leverage/index.html]
[cdnwp.tonyrobbins.com/wp-content/uploads/2017/09/white-outlined_Productivity-and-performance.png]
[cdnwp.tonyrobbins.com/wp-content/uploads/2018/05/Banner_Graduation.jpg]
[www.tonyrobbins.com/productivity-performance/time-sucks/index.html]
[cdnwp.tonyrobbins.com/wp-content/uploads/2017/06/7040001192_1280x565-1.jpg]
[www.tonyrobbins.com/career-business/hunger-will-destroy-your-fear-of-failure/index.html]
[cdnwp.tonyrobbins.com/wp-content/uploads/2017/09/MindMeaning_Icon.png]
[cdnwp.tonyrobbins.com/wp-content/uploads/2017/03/TED_Tony.png]
[cdnwp.tonyrobbins.com/wp-content/uploads/2017/03/I_am_not_your_guru.png]
[cdnwp.tonyrobbins.com/wp-content/uploads/2017/03/OWN.png]
[www.tonyrobbins.com/mind-meaning/the-power-of-deep-listening/index.html]
[cdnwp.tonyrobbins.com/wp-content/uploads/2017/03/section-events-bg.jpg]
[cdnwp.tonyrobbins.com/wp-content/uploads/2018/07/TILE-370x4252.png]
[cdnwp.tonyrobbins.com/wp-content/uploads/2018/07/TILE-370x4251-e1533319696566.png]
[www.tonyrobbins.com/podcasts/do-you-ever-feel-like-a-fraud/index.html]
[cdnwp.tonyrobbins.com/wp-content/uploads/2018/04/TILE-370x4253.jpg]
[cdnwp.tonyrobbins.com/wp-content/uploads/2017/03/unspecified-2.png]
[www.tonyrobbins.com/podcasts/are-you-scared-of-being-cheated-on/index.html]
[www.tonyrobbins.com/podcasts/payback-for-venmo/index.html]
[cdnwp.tonyrobbins.com/wp-content/uploads/2017/03/unspecified-3.png]
[www.tonyrobbins.com/platinum-partnership.html]
[www.tonyrobbins.com/podcasts/index.html]
[cdnwp.tonyrobbins.com/wp-content/uploads/2017/03/plat_homepg_tile_800x350.png]
[www.tonyrobbins.com/return-policy/index.html]
[cdn.rawgit.com/michalsnik/aos/2.1.1/dist/aos.js]
[www.tonyrobbins.com/sitemap/index.html]
[www.tonyrobbins.com/tony-robbins-affiliate-program/index.html]
[www.tonyrobbins.com/wp-content/plugins/uk-cookie-consent/assets/js/uk-cookie-consent-jsa1ec.js]
[www.tonyrobbins.com/disc/index.html]
[www.tonyrobbins.com/media-inquiries/index.html]
[www.tonyrobbins.com/wp-content/themes/tonyrobbins2016/js/segment-tracking3fac.js]
[www.tonyrobbins.com/contact-us/index.html]
[www.tonyrobbins.com/wp-content/themes/tonyrobbins2016/js/jquery.waypoints.min68b3.js]
[www.tonyrobbins.com/wp-content/themes/tonyrobbins2016/js/events-waypoint68b3.js]
[www.tonyrobbins.com/wp-content/plugins/ajax-search-pro/js/nomin/photostackd3ff.js]
[www.tonyrobbins.com/wp-content/plugins/ajax-search-pro/js/min/chosen.jquery.mind3ff.js]
[www.tonyrobbins.com/wp-content/plugins/ajax-search-pro/js/min/jquery.ajaxsearchpro-noui-isotope.mind3ff.js]
[www.tonyrobbins.com/wp-includes/js/jquery/ui/core.mine899.js]
[www.tonyrobbins.com/wp-includes/js/jquery/ui/datepicker.mine899.js]
[www.tonyrobbins.com/wp-includes/js/wp-embed.min37cb.js]
[www.tonyrobbins.com/index.html]
[www.tonyrobbins.com/wp-content/plugins/new-royalslider/lib/royalslider/jquery.royalslider.mine485.js]
[cdn.ampproject.org/v0/amp-accordion-0.1.js]
[cdn.ampproject.org/v0/amp-lightbox-0.1.js]
[cdn.ampproject.org/v0/amp-form-0.1.js]
[cdn.ampproject.org/v0/amp-analytics-0.1.js]
[cdn.ampproject.org/v0/amp-sidebar-0.1.js]
[cdn.ampproject.org/v0/amp-carousel-0.1.js]
[cdn.ampproject.org/v0.js]
[www.tonyrobbins.com/wp-content/plugins/accelerated-mobile-pages/templates/design-manager/design-3/fonts/robotoslab/RobotoSlab-Regular.ttf]
[www.tonyrobbins.com/wp-content/plugins/accelerated-mobile-pages/templates/design-manager/design-3/fonts/robotoslab/RobotoSlab-Bold.ttf]
[www.tonyrobbins.com/wp-content/plugins/accelerated-mobile-pages/templates/design-manager/design-3/fonts/ptserif/PT_Serif-Web-Regular.ttf]
[www.tonyrobbins.com/wp-content/plugins/accelerated-mobile-pages/templates/design-manager/design-3/fonts/ptserif/PT_Serif-Web-Bold.ttf]
[www.tonyrobbins.com/wp-content/plugins/accelerated-mobile-pages/templates/design-manager/design-3/fonts/icomoon.eot]
[www.tonyrobbins.com/wp-content/plugins/accelerated-mobile-pages/templates/design-manager/design-3/fonts/icomoon.ttf]
[www.tonyrobbins.com/wp-content/plugins/accelerated-mobile-pages/templates/design-manager/design-3/fonts/icomoon.woff]
[www.tonyrobbins.com/career-business/amp/index.html]
[www.tonyrobbins.com/health-vitality/amp/index.html]
[cdnwp.tonyrobbins.com/wp-content/uploads/2015/06/7040000969_1280x565-550x234.jpg]
[www.tonyrobbins.com/leadership-impact/amp/index.html]
[cdnwp.tonyrobbins.com/wp-content/uploads/2015/06/7040001086_1280x565-550x234.jpg]
[www.tonyrobbins.com/love-relationships/amp/index.html]
[cdnwp.tonyrobbins.com/wp-content/uploads/2015/06/7040001110_1280x565-550x234.jpg]
[www.tonyrobbins.com/mind-meaning/amp/index.html]
[www.tonyrobbins.com/productivity-performance/amp/index.html]
[cdnwp.tonyrobbins.com/wp-content/uploads/2015/06/7040001192_1280x565-550x235.jpg]
[www.tonyrobbins.com/amp/index.html]
[www.tonyrobbins.com/news/stanley-cup-finals-personal-ai/amp/index.html]
[www.tonyrobbins.com/news/behind-scenes-upw-chicago/amp/index.html]
[www.tonyrobbins.com/wp-content/plugins/hreflang-manager/css/log-style37cb.css]
[www.tonyrobbins.com/career-business/the-power-of-leverage/amp/index.html]
[www.tonyrobbins.com/health-vitality/break-out-of-your-breakfast-rut/amp/index.html]
[www.tonyrobbins.com/wp-content/plugins/uk-cookie-consent/assets/css/style37cb.css]
[www.tonyrobbins.com/news/from-vatican-city-to-the-nba-finals/amp/index.html]
[www.tonyrobbins.com/productivity-performance/time-sucks/amp/index.html]
[www.tonyrobbins.com/wp-content/plugins/ajax-search-pro/css/style.basicd3ff.css]
[www.tonyrobbins.com/career-business/hunger-will-destroy-your-fear-of-failure/amp/index.html]
[www.tonyrobbins.com/mind-meaning/the-power-of-deep-listening/amp/index.html]
[www.tonyrobbins.com/wealth-lifestyle/amp/index.html]
[www.tonyrobbins.com/news/amp/index.html]
[www.tonyrobbins.com/leadership-impact/sustainable-giving-better-living/amp/index.html]
[www.tonyrobbins.com/wp-content/plugins/ajax-search-pro/css/chosen/chosen-sprite.png]
[www.tonyrobbins.com/mind-meaning/let-go-past/amp/index.html]
[www.tonyrobbins.com/wp-content/plugins/ajax-search-pro/css/chosen/chosen-sprite@2x.png]
[www.tonyrobbins.com/wp-content/plugins/ajax-search-pro/css/chosen/chosend3ff.css]
[www.tonyrobbins.com/wp-content/plugins/new-royalslider/lib/royalslider/grab.png]
[www.tonyrobbins.com/amp/page/2/index.html]
[www.tonyrobbins.com/wp-content/plugins/new-royalslider/lib/royalslider/grabbing.png]
[www.tonyrobbins.com/wp-content/plugins/new-royalslider/lib/royalslider/blank.gif]
[www.tonyrobbins.com/wp-content/plugins/new-royalslider/lib/royalslider/royalslidere485.css]
[www.tonyrobbins.com/wp-content/plugins/new-royalslider/lib/royalslider/skins/default-inverted/rs-default-inverted.png]
[www.tonyrobbins.com/wp-content/plugins/new-royalslider/lib/royalslider/skins/preloaders/preloader.gif]
[www.tonyrobbins.com/wp-content/plugins/new-royalslider/lib/royalslider/skins/default-inverted/rs-default-invertede485.css]
[www.tonyrobbins.com/wp-content/plugins/new-royalslider/lib/royalslider/templates-css/rs-home-templatee485.css]
[www.tonyrobbins.com/wp-content/plugins/ajax-search-pro/css/fonts/icons/icons2.html]
[www.tonyrobbins.com/wp-content/plugins/ajax-search-pro/css/fonts/icons/icons2.svg]
[cdnjs.cloudflare.com/ajax/libs/font-awesome/4.7.0/css/font-awesome.css]
[maxcdn.bootstrapcdn.com/bootstrap/3.3.5/css/bootstrap.min.css]
[fast.fonts.net/cssapi/0257ef63-fe24-4ebb-95d5-84903abebe14.css]
[www.tonyrobbins.com/wp-content/themes/tonyrobbins2016/fonts/stylesheet.css]
[www.tonyrobbins.com/wp-content/themes/tonyrobbins2016/images/arrowblue.png]
[www.tonyrobbins.com/wp-content/themes/tonyrobbins2016/fonts/social/icomoonb94b.eot]
[www.tonyrobbins.com/wp-content/themes/tonyrobbins2016/fonts/social/icomoonb94b.ttf]
[www.tonyrobbins.com/wp-content/themes/tonyrobbins2016/fonts/social/icomoonb94b.woff]
[www.tonyrobbins.com/wp-content/themes/tonyrobbins2016/images/redbg.jpg]
[www.tonyrobbins.com/wp-content/themes/tonyrobbins2016/images/sliderarrowright.png]
[www.tonyrobbins.com/wp-content/themes/tonyrobbins2016/images/sliderarrowleft.png]
[www.tonyrobbins.com/wp-content/themes/tonyrobbins2016/images/arrowrightlight.png]
[www.tonyrobbins.com/wp-content/themes/tonyrobbins2016/images/arrowleftlight.png]
[www.tonyrobbins.com/wp-content/themes/tonyrobbins2016/images/ico-play.png]
[www.tonyrobbins.com/wp-content/themes/tonyrobbins2016/images/quote.png]
[www.tonyrobbins.com/wp-content/themes/tonyrobbins2016/images/feedingamerica.jpg]
[www.tonyrobbins.com/wp-content/themes/tonyrobbins2016/style2c6c.css]
[www.tonyrobbins.com/wp-content/themes/tonyrobbins2016/Magnific-Popup-master/magnific-popup.css]
[www.tonyrobbins.com/wp-content/themes/tonyrobbins2016/owl.video.play.png]
[www.tonyrobbins.com/wp-content/themes/tonyrobbins2016/owl.css]
[www.tonyrobbins.com/wp-content/themes/tonyrobbins2016/images/article-image-shadow.png]
[www.tonyrobbins.com/wp-content/themes/tonyrobbins2016/images/CloseIcon_White.png]
[www.tonyrobbins.com/wp-content/themes/tonyrobbins2016/images/ico-handshake.png]
[www.tonyrobbins.com/wp-content/themes/tonyrobbins2016/images/icons/ico-quotes.png]
[www.tonyrobbins.com/wp-content/themes/tonyrobbins2016/images/ico-arrow-down.png]
[www.tonyrobbins.com/wp-content/themes/tonyrobbins2016/images/icons/ico-envelope-blue.png]
[www.tonyrobbins.com/wp-content/themes/tonyrobbins2016/images/icons/ico-twitter-blue.png]
[www.tonyrobbins.com/wp-content/themes/tonyrobbins2016/images/icons/ico-google-plus-blue.png]
[www.tonyrobbins.com/wp-content/themes/tonyrobbins2016/images/icons/ico-facebook-blue.png]
[www.tonyrobbins.com/wp-content/themes/tonyrobbins2016/images/icons/ico-linkedin-blue.png]
[www.tonyrobbins.com/wp-content/themes/tonyrobbins2016/images/icons/ico-youtube-blue.png]
[www.tonyrobbins.com/wp-content/themes/tonyrobbins2016/images/icons/linkedin.png]
[www.tonyrobbins.com/wp-content/themes/tonyrobbins2016/images/icons/ico-star.png]
[www.tonyrobbins.com/wp-content/themes/tonyrobbins2016/images/icons/ico-apple.png]
[www.tonyrobbins.com/wp-content/themes/tonyrobbins2016/images/icons/ico-apple_hover.png]
[www.tonyrobbins.com/wp-content/themes/tonyrobbins2016/images/icons/ico-android.png]
[www.tonyrobbins.com/wp-content/themes/tonyrobbins2016/images/icons/ico-android_hover.png]
[www.tonyrobbins.com/wp-content/themes/tonyrobbins2016/images/icons/ico-apple_mobile.png]
[www.tonyrobbins.com/wp-content/themes/tonyrobbins2016/images/icons/ico-android_mobile.png]
[www.tonyrobbins.com/wp-content/themes/tonyrobbins2016/images/section-grey-image-shadow.png]
[www.tonyrobbins.com/wp-content/themes/tonyrobbins2016/images/icons/ico-sun.png]
[www.tonyrobbins.com/wp-content/themes/tonyrobbins2016/images/icons/ico-leafs.png]
[www.tonyrobbins.com/wp-content/themes/tonyrobbins2016/images/icons/ico-heart.png]
[www.tonyrobbins.com/wp-content/themes/tonyrobbins2016/images/404bg.jpg]
[www.tonyrobbins.com/wp-content/themes/tonyrobbins2016/images/comingsoonBG.jpg]
[www.tonyrobbins.com/wp-content/themes/tonyrobbins2016/images/testiominal_bg.jpg]
[www.tonyrobbins.com/wp-content/themes/tonyrobbins2016/themecffe.css]
[www.tonyrobbins.com/wp-content/themes/tonyrobbins2016/animate.css]
[cdn.rawgit.com/michalsnik/aos/2.1.1/dist/aos.css]
[cdnjs.cloudflare.com/ajax/libs/slick-lightbox/0.2.12/slick-lightbox.css]
[cdn.jsdelivr.net/jquery.slick/1.6.0/slick.css]
[www.tonyrobbins.com/wp-content/themes/tonyrobbins2016/print.css]
[www.tonyrobbins.com/jquery.build.js]
[www.tonyrobbins.com/jquery.js]
[www.tonyrobbins.com/fieldHelpers.js]
[www.tonyrobbins.com/measure.js]
[www.tonyrobbins.com/yepnope.js]
[www.tonyrobbins.com/fields/fieldHelpers.js]
[www.tonyrobbins.com/modernizr.js]
[app-sj03.marketo.com/js/forms2/js/forms2.min.js]
[munchkin.marketo.net/munchkin.js]
[www.tonyrobbins.com/inc/salesforce/email_password.html]
[www.tonyrobbins.com/wp-content/themes/tonyrobbins2016/images/tr-logo-blk-on-wht.svg]
[www.tonyrobbins.com/wp-json/oembed/1.0/embedd8b5.json]
[www.tonyrobbins.com/wp-json/oembed/1.0/embed90eb]
[cdnwp.tonyrobbins.com/wp-content/uploads/2018/01/AssessmentImage_Cropped.png]
[cdnwp.tonyrobbins.com/wp-content/uploads/2018/01/TonyCutOut.png]
[cdnwp.tonyrobbins.com/wp-content/uploads/2018/01/CareerBusiness1_Blue.png]
[cdnwp.tonyrobbins.com/wp-content/uploads/2017/12/HealthVitality1_Blue1.png]
[cdnwp.tonyrobbins.com/wp-content/uploads/2017/12/LeadershipImpact1_Blue.png]
[cdnwp.tonyrobbins.com/wp-content/uploads/2017/01/Love1_Blue.png]
[cdnwp.tonyrobbins.com/wp-content/uploads/2018/01/MindMeaning1_Blue.png]
[cdnwp.tonyrobbins.com/wp-content/uploads/2018/01/Productivity1_Blue.png]
[cdnwp.tonyrobbins.com/wp-content/uploads/2017/12/WealthLifeStyle_Blue.png]
[www.tonyrobbins.com/assessments.html]
[cdnwp.tonyrobbins.com/wp-content/uploads/2017/03/Tile-Business-Map.jpg]
[cdnwp.tonyrobbins.com/wp-content/uploads/2017/03/Tile-Success-Cycle.jpg]
[www.tonyrobbins.com/ask-tony/grow-my-business/index.html]
[cdnwp.tonyrobbins.com/wp-content/uploads/2017/03/Tile-AME.jpg]
[www.tonyrobbins.com/ask-tony/build-the-best-team/index.html]
[www.tonyrobbins.com/ask-tony/can-begin-cycle-success-business/index.html]
[cdnwp.tonyrobbins.com/wp-content/uploads/2017/03/Tile-Hiring.jpg]
[www.tonyrobbins.com/ask-tony/how-to-hire-right/index.html]
[cdnwp.tonyrobbins.com/wp-content/uploads/2017/03/Tile-Football.jpg]
[www.tonyrobbins.com/ask-tony/effective-communication/index.html]
[cdnwp.tonyrobbins.com/wp-content/uploads/2017/03/Tile-Quality-Quantifier.jpg]
[cdnwp.tonyrobbins.com/wp-content/uploads/2017/03/Tile-Body-You-Want.jpg]
[www.tonyrobbins.com/ask-tony/develop-healthier-habits/index.html]
[cdnwp.tonyrobbins.com/wp-content/uploads/2017/03/Tile-Egoscue.jpg]
[www.tonyrobbins.com/ask-tony/peak-physical-health/index.html]
[cdnwp.tonyrobbins.com/wp-content/uploads/2017/03/Tile-3-Mandates.jpg]
[cdnwp.tonyrobbins.com/wp-content/uploads/2017/03/Tile-Influence.jpg]
[www.tonyrobbins.com/ask-tony/live-healthier/index.html]
[www.tonyrobbins.com/ask-tony/the-body-you-want/index.html]
[www.tonyrobbins.com/ask-tony/make-difficult-emotional-decisions/index.html]
[cdnwp.tonyrobbins.com/wp-content/uploads/2017/03/Tile-Difficult-Decisions.jpg]
[www.tonyrobbins.com/ask-tony/how-do-i-influence-people/index.html]
[www.tonyrobbins.com/ask-tony/fulfillment/index.html]
[cdnwp.tonyrobbins.com/wp-content/uploads/2017/03/Tile-Fulfillment.jpg]
[cdnwp.tonyrobbins.com/wp-content/uploads/2017/03/Tile-Compelling-Future.jpg]
[cdnwp.tonyrobbins.com/wp-content/uploads/2017/03/Tile-How-to-Start-Your-Day1.jpg]
[cdnwp.tonyrobbins.com/wp-content/uploads/2017/03/Tile-10-Guiding-Principles.jpg]
[www.tonyrobbins.com/ask-tony/priming/index.html]
[cdnwp.tonyrobbins.com/wp-content/uploads/2017/03/Tile-Polarity.jpg]
[www.tonyrobbins.com/ask-tony/can-create-compelling-future/index.html]
[cdnwp.tonyrobbins.com/wp-content/uploads/2017/03/Tile-Relationship-Stressors.jpg]
[www.tonyrobbins.com/ask-tony/extraordinary-relationship/index.html]
[www.tonyrobbins.com/ask-tony/polarity/index.html]
[www.tonyrobbins.com/ask-tony/how-good-of-a-partner-are-you/index.html]
[cdnwp.tonyrobbins.com/wp-content/uploads/2017/03/Tile-How-Good-of-a-Partner-Are-You.jpg]
[www.tonyrobbins.com/ask-tony/relationships-stressors/index.html]
[cdnwp.tonyrobbins.com/wp-content/uploads/2017/03/Tile-Relationship-Assessment.jpg]
[cdnwp.tonyrobbins.com/wp-content/uploads/2017/03/Tile-6-Human-Needs.jpg]
[www.tonyrobbins.com/ask-tony/ultimate-relationship-assessment/index.html]
[cdnwp.tonyrobbins.com/wp-content/uploads/2017/03/Tile-3-Principles-of-Transformation.jpg]
[www.tonyrobbins.com/ask-tony/why-do-i-do-what-i-do/index.html]
[cdnwp.tonyrobbins.com/wp-content/uploads/2017/03/Tile-Training-Effect.jpg]
[www.tonyrobbins.com/ask-tony/how-to-achieve-everything/index.html]
[cdnwp.tonyrobbins.com/wp-content/uploads/2017/03/Tile-3-Pillars-of-Progress.jpg]
[www.tonyrobbins.com/ask-tony/never-ending-improvement/index.html]
[cdnwp.tonyrobbins.com/wp-content/uploads/2017/03/Tile-5-to-Thrive.jpg]
[www.tonyrobbins.com/ask-tony/feel-happier/index.html]
[cdnwp.tonyrobbins.com/wp-content/uploads/2017/03/Tile-Cycle-of-meaning.jpg]
[www.tonyrobbins.com/ask-tony/habits-that-make-you-great/index.html]
[www.tonyrobbins.com/ask-tony/cycle-of-meaning/index.html]
[cdnwp.tonyrobbins.com/wp-content/uploads/2017/12/Banner-Depression-2.jpg]
[www.tonyrobbins.com/ask-tony/how-to-deal-with-depression/index.html]
[cdnwp.tonyrobbins.com/wp-content/uploads/2017/12/Banner-WhyAnxiety.jpg]
[www.tonyrobbins.com/ask-tony/why-do-i-feel-anxious/index.html]
[cdnwp.tonyrobbins.com/wp-content/uploads/2017/12/Banner-WhatisAnxiety.jpg]
[cdnwp.tonyrobbins.com/wp-content/uploads/2017/03/Tile-rapid-planning-method.jpg]
[www.tonyrobbins.com/ask-tony/how-do-i-treat-anxiety/index.html]
[cdnwp.tonyrobbins.com/wp-content/uploads/2017/03/Tile-leverage.jpg]
[www.tonyrobbins.com/ask-tony/get-motivated/index.html]
[cdnwp.tonyrobbins.com/wp-content/uploads/2017/03/Tile-OOC-EMR-decision-making.jpg]
[www.tonyrobbins.com/ask-tony/do-more-with-less/index.html]
[www.tonyrobbins.com/ask-tony/making-tough-decisions/index.html]
[cdnwp.tonyrobbins.com/wp-content/uploads/2017/03/Tile-window-of-opportunity.jpg]
[www.tonyrobbins.com/ask-tony/more-time/index.html]
[cdnwp.tonyrobbins.com/wp-content/uploads/2017/03/Tile-financial-future.jpg]
[cdnwp.tonyrobbins.com/wp-content/uploads/2017/04/Tile-anticipating-retirement.jpg]
[www.tonyrobbins.com/ask-tony/financial-future/index.html]
[cdnwp.tonyrobbins.com/wp-content/uploads/2017/03/Tile-invest-today.jpg]
[www.tonyrobbins.com/ask-tony/planning-for-retirement/index.html]
[cdnwp.tonyrobbins.com/wp-content/uploads/2017/03/Tile-where-to-put-my-savings.jpg]
[www.tonyrobbins.com/ask-tony/when-to-start-investing/index.html]
[cdnwp.tonyrobbins.com/wp-content/uploads/2017/03/Tile-diversify.jpg]
[www.tonyrobbins.com/ask-tony/saving/index.html]
[cdnwp.tonyrobbins.com/wp-content/uploads/2017/03/Tile-what-will-your-investment-look-like.jpg]
[www.tonyrobbins.com/ask-tony/index.html]
[www.tonyrobbins.com/ask-tony/financial-diversification/index.html]
[www.tonyrobbins.com/ask-tony/power-of-compounding/index.html]
[www.tonyrobbins.com/wp-json/oembed/1.0/embed04e7.json]
[www.tonyrobbins.com/wp-json/oembed/1.0/embedbdbe]
[cdnwp.tonyrobbins.com/wp-content/uploads/2018/04/MG_216114164201881.jpg]
[cdnwp.tonyrobbins.com/wp-content/uploads/2017/06/TonyRobbins_NASDAQbell_header-1-525x525.jpg]
[www.tonyrobbins.com/team/index.html]
[cdnwp.tonyrobbins.com/wp-content/uploads/2018/04/NewsIcon.png]
[cdnwp.tonyrobbins.com/wp-content/uploads/2017/01/wheel-of-life-intro_header-525x525.jpg]
[www.tonyrobbins.com/news/unshakeable-launch/index.html]
[www.tonyrobbins.com/news/index.html]
[www.tonyrobbins.com/news/namale-wins-best-honeymoon-award/index.html]
[cdnwp.tonyrobbins.com/wp-content/uploads/2016/05/namale-resort-tony-robbins-525x525.png]
[www.tonyrobbins.com/news/introducing-wheel-life/index.html]
[cdnwp.tonyrobbins.com/wp-content/uploads/2015/11/TonyRobbins_DateWithDestiny.jpg]
[www.tonyrobbins.com/biography/index.html]
[www.tonyrobbins.com/wp-json/oembed/1.0/embeda2b2.json]
[www.tonyrobbins.com/wp-json/oembed/1.0/embed59fa]
[cdnwp.tonyrobbins.com/wp-content/uploads/2017/12/CruiseCrop.jpg]
[cdnwp.tonyrobbins.com/wp-content/uploads/2017/12/SliderImage1.jpg]
[cdnwp.tonyrobbins.com/wp-content/uploads/2017/12/SliderImage2.jpg]
[cdnwp.tonyrobbins.com/wp-content/uploads/2017/12/SliderImage3.jpg]
[cdnwp.tonyrobbins.com/wp-content/uploads/2017/12/SliderImage4.jpg]
[cdnwp.tonyrobbins.com/wp-content/uploads/2017/12/SliderImage5.jpg]
[cdnwp.tonyrobbins.com/wp-content/uploads/2017/12/SliderImage6.jpg]
[cdnwp.tonyrobbins.com/wp-content/uploads/2017/12/SliderImage7.jpg]
[cdnwp.tonyrobbins.com/wp-content/uploads/2017/12/SliderImage8.jpg]
[cdnwp.tonyrobbins.com/wp-content/uploads/2017/12/SliderImage9.jpg]
[cdnwp.tonyrobbins.com/wp-content/uploads/2017/12/SliderImage10.jpg]
[cdnwp.tonyrobbins.com/wp-content/uploads/2017/12/CultureThumbNail.jpg]
[cdnwp.tonyrobbins.com/wp-content/uploads/2017/12/Employee-Taylor.png]
[cdnwp.tonyrobbins.com/wp-content/uploads/2017/12/Employee_Sara-1.png]
[cdnwp.tonyrobbins.com/wp-content/uploads/2017/12/Employee_Al-1.png]
[www.tonyrobbins.com/wp-content/themes/tonyrobbins2016/images/QuotationMarkOpenB_White.png]
[www.tonyrobbins.com/wp-content/themes/tonyrobbins2016/images/QuotationMarkCloseB_White.png]
[www.tonyrobbins.com/wp-content/themes/tonyrobbins2016/images/tr-signature_white.png]
[www.tonyrobbins.com/company-culture/index.html]
[www.tonyrobbins.com/wp-json/oembed/1.0/embed5041.json]
[www.tonyrobbins.com/wp-json/oembed/1.0/embedf92a]
[cdnwp.tonyrobbins.com/wp-content/uploads/2017/02/unspecified.png]
[cdnwp.tonyrobbins.com/wp-content/uploads/2017/02/fa_color_1584x576_720.png]
[cdnwp.tonyrobbins.com/wp-content/uploads/2017/02/our_color_1584x576_720.png]
[www.tonyrobbins.com/giving-back/index.html]
[www.tonyrobbins.com/wp-content/themes/tonyrobbins2016/styleda74.css]
[www.tonyrobbins.com/wp-content/themes/tonyrobbins2016/themeda74.css]
[www.tonyrobbins.com/wp-content/themes/tonyrobbins2016/js/jquery.countdown.min.js]
[www.tonyrobbins.com/events/page/2/index.html]
[cdnwp.tonyrobbins.com/wp-content/uploads/2018/03/ExperiencesBanner.jpg]
[cdnwp.tonyrobbins.com/wp-content/uploads/2018/03/Experiences_VideoThumbnail.jpg]
[cdnwp.tonyrobbins.com/wp-content/uploads/2017/09/Entertainment-Icon.png]
[cdnwp.tonyrobbins.com/wp-content/uploads/2017/09/Engagement-Icon.png]
[cdnwp.tonyrobbins.com/wp-content/uploads/2017/09/Empowerment-Icon.png]
[www.tonyrobbins.com/events/unleash-the-power-within/index.html]
[www.tonyrobbins.com/events/business-mastery/index.html]
[www.tonyrobbins.com/events/leadership-academy/index.html]
[www.tonyrobbins.com/mastery-university/index.html]
[www.tonyrobbins.com/events/date-with-destiny/index.html]
[cdnwp.tonyrobbins.com/wp-content/uploads/2018/03/PlatImage2.jpg]
[cdnwp.tonyrobbins.com/wp-content/uploads/2018/03/PlatImage1.jpg]
[www.tonyrobbins.com/wp-content/themes/tonyrobbins2016/images/QuotationMarkOpenB.png]
[www.tonyrobbins.com/wp-content/themes/tonyrobbins2016/images/QuotationMarkCloseB.png]
[www.tonyrobbins.com/events/index.html]
[www.tonyrobbins.com/wp-json/oembed/1.0/embedcc8d.json]
[www.tonyrobbins.com/wp-json/oembed/1.0/embedc658]
[cdnwp.tonyrobbins.com/wp-content/uploads/2016/10/tr10751-2.jpg]
[cdnwp.tonyrobbins.com/wp-content/uploads/2018/07/UPW.jpg]
[cdnwp.tonyrobbins.com/wp-content/uploads/2017/06/HealthVitality1_Blue.png]
[cdnwp.tonyrobbins.com/wp-content/uploads/2017/01/WealthLifeStyle_Blue.png]
[cdnwp.tonyrobbins.com/wp-content/uploads/2017/02/LeadershipImpact1_Blue.png]
[cdnwp.tonyrobbins.com/wp-content/uploads/2018/07/Joseph-McClendon-III.jpg]
[cdnwp.tonyrobbins.com/wp-content/uploads/2018/07/marc-benioff4499-1200xx4256-2394-0-219-copy.jpg]
[cdnwp.tonyrobbins.com/wp-content/uploads/2018/07/MariaMenunos_ParisaMichelle_Shutterstock.com_.jpg]
[cdnwp.tonyrobbins.com/wp-content/uploads/2018/07/quote-usher.png]
[cdnwp.tonyrobbins.com/wp-content/uploads/2017/06/LindseyBest_TR_SJ16-30.jpg]
[cdnwp.tonyrobbins.com/wp-content/uploads/2018/01/EventIcon.png]
[cdnwp.tonyrobbins.com/wp-content/uploads/2017/12/Banner_Growth.jpg]
[cdnwp.tonyrobbins.com/wp-content/uploads/2018/05/fulfillment-to-feel-important.jpg]
[www.tonyrobbins.com/stories/unleash-the-power/are-you-ready-to-start-your-journey/index.html]
[cdnwp.tonyrobbins.com/wp-content/uploads/2017/01/34934334-1-LPheader.png]
[www.tonyrobbins.com/stories/unleash-the-power/becoming-your-authentic-self/index.html]
[www.tonyrobbins.com/stories/unleash-the-power/elevate-your-level-of-success/index.html]
[cdnwp.tonyrobbins.com/wp-content/uploads/2018/03/44268339-2-blog_header.jpg]
[www.tonyrobbins.com/stories/unleash-the-power/develop-the-right-strategy/index.html]
[cdnwp.tonyrobbins.com/wp-content/uploads/2018/03/shutterstock_4392208512.jpg]
[www.tonyrobbins.com/stories/unleash-the-power/the-core-principles-of-health/index.html]
[cdnwp.tonyrobbins.com/wp-content/uploads/2018/02/shutterstock_702046963.jpg]
[www.tonyrobbins.com/stories/unleash-the-power/4-strategies-for-successful-business-growth/index.html]
[www.tonyrobbins.com/stories/unleash-the-power/effective-employee-retention-strategies/index.html]
[cdnwp.tonyrobbins.com/wp-content/uploads/2018/02/shutterstock_7020469181.jpg]
[cdnwp.tonyrobbins.com/wp-content/uploads/2017/10/40914594-LPheader2.jpg]
[www.tonyrobbins.com/stories/unleash-the-power/strategies-employee-training/index.html]
[cdnwp.tonyrobbins.com/wp-content/uploads/2016/08/32559670-DWD-Lounge-LP-Header.jpg]
[cdnwp.tonyrobbins.com/wp-content/uploads/2018/01/43033116-3-LPheader.jpg]
[cdnwp.tonyrobbins.com/wp-content/uploads/2018/01/43033116-LPheader3.jpg]
[www.tonyrobbins.com/stories/unleash-the-power/break-down-limiting-beliefs/index.html]
[cdnwp.tonyrobbins.com/wp-content/uploads/2017/09/Banner_TakeCharge-UPWStory1.jpg]
[www.tonyrobbins.com/stories/unleash-the-power/discover-ways-to-improve-your-life-at-upw/index.html]
[www.tonyrobbins.com/stories/unleash-the-power/overcoming-fear-in-5-steps/index.html]
[www.tonyrobbins.com/stories/unleash-the-power/5-factors-decisions/index.html]
[cdnwp.tonyrobbins.com/wp-content/uploads/2016/09/JPSears_Header.jpg]
[www.tonyrobbins.com/stories/unleash-the-power/take-charge-life/index.html]
[cdnwp.tonyrobbins.com/wp-content/uploads/2017/05/Banner_Step-Up-Game-UPWStory2.jpg]
[cdnwp.tonyrobbins.com/wp-content/uploads/2017/01/Banner_Discover-Peak-State-UPWStory3-1.jpg]
[www.tonyrobbins.com/stories/unleash-the-power/ultra-spiritualist-attends-upw/index.html]
[www.tonyrobbins.com/stories/unleash-the-power/step-up-your-game/index.html]
[cdnwp.tonyrobbins.com/wp-content/uploads/2017/01/34934334-2-LPheader.jpg]
[www.tonyrobbins.com/stories/unleash-the-power/discover-your-peak-state/index.html]
[cdnwp.tonyrobbins.com/wp-content/uploads/2017/01/44268339-1-blog_header.jpg]
[www.tonyrobbins.com/stories/unleash-the-power/change-your-story/index.html]
[cdnwp.tonyrobbins.com/wp-content/uploads/2017/01/TR26550.jpg]
[www.tonyrobbins.com/stories/unleash-the-power/creating-powerful-strategies/index.html]
[cdnwp.tonyrobbins.com/wp-content/uploads/2015/04/7040000511_1280x565.jpg]
[www.tonyrobbins.com/stories/unleash-the-power/your-next-level/index.html]
[cdnwp.tonyrobbins.com/wp-content/uploads/2016/02/Jenna_Header.png]
[www.tonyrobbins.com/stories/unleash-the-power/make-dream-reality/index.html]
[cdnwp.tonyrobbins.com/wp-content/uploads/2016/02/Love_Header.png]
[www.tonyrobbins.com/stories/unleash-the-power/darkness-falls-and-hope-rises/index.html]
[www.tonyrobbins.com/stories/unleash-the-power/two-dreams-become-one/index.html]
[cdnwp.tonyrobbins.com/wp-content/uploads/2016/02/boomerang-01-blogheader.jpg]
[cdnwp.tonyrobbins.com/wp-content/uploads/2015/04/7040000904_1280x565.jpg]
[cdnwp.tonyrobbins.com/wp-content/uploads/2015/09/7040012133_1280x565.jpg]
[cdnwp.tonyrobbins.com/wp-content/uploads/2015/06/iStock_000014410450Medium.jpg]
[www.tonyrobbins.com/stories/unleash-the-power/why-your-first-decision-is-focus/index.html]
[www.tonyrobbins.com/stories/unleash-the-power/are-your-beliefs-holding-you-back/index.html]
[www.tonyrobbins.com/stories/unleash-the-power/making-great-changes-together/index.html]
[cdnwp.tonyrobbins.com/wp-content/uploads/2015/06/shutterstock_196839656.jpg]
[www.tonyrobbins.com/stories/unleash-the-power/unhappiness-and-control-was-my-way-of-life/index.html]
[cdnwp.tonyrobbins.com/wp-content/uploads/2015/06/shutterstock_187297436.jpg]
[www.tonyrobbins.com/stories/unleash-the-power/success-doesnt-have-to-be-a-secret/index.html]
[cdnwp.tonyrobbins.com/wp-content/uploads/2015/05/vision_Tile.jpg]
[www.tonyrobbins.com/stories/unleash-the-power/building-the-life-she-always-wanted/index.html]
[www.tonyrobbins.com/stories/unleash-the-power/focus-on-your-vision/index.html]
[cdnwp.tonyrobbins.com/wp-content/uploads/2015/05/leadership_Tile.jpg]
[cdnwp.tonyrobbins.com/wp-content/uploads/2015/05/step_Tile.jpg]
[cdnwp.tonyrobbins.com/wp-content/uploads/2015/04/7040000914_1280x565.jpg]
[www.tonyrobbins.com/stories/unleash-the-power/be-decisive/index.html]
[www.tonyrobbins.com/stories/unleash-the-power/commit-to-change/index.html]
[www.tonyrobbins.com/stories/unleash-the-power/can-you-afford-to-be-unprepared/index.html]
[cdnwp.tonyrobbins.com/wp-content/uploads/2015/04/7040000910_1280x565.jpg]
[cdnwp.tonyrobbins.com/wp-content/uploads/2015/04/7040000918_1280x565.jpg]
[www.tonyrobbins.com/stories/unleash-the-power/stressed-sick-burned-out/index.html]
[cdnwp.tonyrobbins.com/wp-content/uploads/2015/04/tile_3.jpg]
[www.tonyrobbins.com/stories/unleash-the-power/stop-playing-relationship-roulette/index.html]
[cdnwp.tonyrobbins.com/wp-content/uploads/2015/04/7040012115_1280x565.jpg]
[www.tonyrobbins.com/stories/unleash-the-power/the-key-to-success-model-the-best/index.html]
[cdnwp.tonyrobbins.com/wp-content/uploads/2015/04/7040000832_1280x565.jpg]
[www.tonyrobbins.com/stories/unleash-the-power/transform-ordinary-into-extraordinary/index.html]
[cdnwp.tonyrobbins.com/wp-content/uploads/2015/04/7040000837_1280x565.jpg]
[www.tonyrobbins.com/stories/unleash-the-power/from-limitations-to-no-limits-at-all/index.html]
[cdnwp.tonyrobbins.com/wp-content/uploads/2015/04/7040000740_1280x565.jpg]
[www.tonyrobbins.com/stories/unleash-the-power/the-power-of-the-human-paradox/index.html]
[cdnwp.tonyrobbins.com/wp-content/uploads/2015/04/7040000743_1280x565.jpg]
[www.tonyrobbins.com/stories/unleash-the-power/breaking-through/index.html]
[cdnwp.tonyrobbins.com/wp-content/uploads/2015/04/7040000745_1280x565.jpg]
[www.tonyrobbins.com/stories/unleash-the-power/unforgettable-experiences/index.html]
[cdnwp.tonyrobbins.com/wp-content/uploads/2018/07/seating-upw-san-jose_General.png]
[cdnwp.tonyrobbins.com/wp-content/uploads/2018/07/seating-upw-san-jose_Exec.png]
[cdnwp.tonyrobbins.com/wp-content/uploads/2018/07/seating-upw-san-jose_VIP.png]
[www.tonyrobbins.com/stories/unleash-the-power/turning-fear-into-power/index.html]
[cdnwp.tonyrobbins.com/wp-content/uploads/2018/07/seating-upw-san-jose_Diamond.png]
[cdnwp.tonyrobbins.com/wp-content/uploads/2018/07/seating-upw-san-jose_Diamond-Prem.png]
[www.tonyrobbins.com/events/unleash-the-power-within/new-york-area-11-08-2018/index.html]
[www.tonyrobbins.com/events/date-with-destiny/florida-12-07-2018/index.html]
[cdnwp.tonyrobbins.com/wp-content/uploads/2017/10/LWM-Fiji-TR.com-header2.png]
[www.tonyrobbins.com/events/date-with-destiny/florida-12-06-2018/index.html]
[www.tonyrobbins.com/events/life-wealth-mastery/test.16d.delayed]
[cdnwp.tonyrobbins.com/wp-content/uploads/2017/11/shutterstock_641844877.jpg]
[www.tonyrobbins.com/wp-content/themes/tonyrobbins2016/images/section-testimonials-bg.jpg]
[www.tonyrobbins.com/events/life-wealth-mastery/life-wealth-mastery-netherlands-2018/index.html]
[www.tonyrobbins.com/events/life-wealth-mastery/fiji-09-14-2018/index.html]
[www.tonyrobbins.com/events/life-wealth-mastery/fiji-10-19-2018/index.html]
[cdnwp.tonyrobbins.com/wp-content/uploads/2017/06/Marty-Headshot.png]
[www.tonyrobbins.com/events/life-wealth-mastery/fiji-11-09-2018/index.html]
[cdnwp.tonyrobbins.com/wp-content/uploads/2016/06/Screen-Shot-2017-06-08-at-5.17.33-PM.png]
[cdnwp.tonyrobbins.com/wp-content/uploads/2017/06/Rebecca-Headshot.png]
[cdnwp.tonyrobbins.com/wp-content/uploads/2018/05/SliderImage61.jpg]
[cdnwp.tonyrobbins.com/wp-content/uploads/2017/09/lwmSliderImage1.jpg]
[cdnwp.tonyrobbins.com/wp-content/uploads/2017/09/lwmSliderImage3.jpg]
[cdnwp.tonyrobbins.com/wp-content/uploads/2017/09/lwmSliderImage4.jpg]
[cdnwp.tonyrobbins.com/wp-content/uploads/2017/09/lwmSliderImage5.jpg]
[cdnwp.tonyrobbins.com/wp-content/uploads/2017/09/TonysHeadCircle.png]
[www.tonyrobbins.com/events/life-wealth-mastery/index.html]
[www.tonyrobbins.com/wp-json/oembed/1.0/embedaf86.json]
[www.tonyrobbins.com/wp-json/oembed/1.0/embed0ccc]
[cdnwp.tonyrobbins.com/wp-content/uploads/2017/11/Leadership2017_MON0862_DavidKeith_CROP2.jpg]
[cdnwp.tonyrobbins.com/wp-content/uploads/2017/02/IMG_0056.MOV.15_57_08_04.Still001.jpg]
[cdnwp.tonyrobbins.com/wp-content/uploads/2017/02/LeadershipImpact2_Blue.png]
[cdnwp.tonyrobbins.com/wp-content/uploads/2017/02/CareerBusiness2_Blue.png]
[cdnwp.tonyrobbins.com/wp-content/uploads/2016/10/Joesph-McClendon-400x400.jpg]
[cdnwp.tonyrobbins.com/wp-content/uploads/2016/10/Mark-divine-400x400.jpg]
[cdnwp.tonyrobbins.com/wp-content/uploads/2016/10/Sid-Jacobson-400x400.jpg]
[cdnwp.tonyrobbins.com/wp-content/uploads/2016/10/3.jpg]
[cdnwp.tonyrobbins.com/wp-content/uploads/2016/10/4.jpg]
[cdnwp.tonyrobbins.com/wp-content/uploads/2017/11/SiriLindley_400x400px.jpg]
[cdnwp.tonyrobbins.com/wp-content/uploads/2017/06/Leadership-Testimonial-Becky-Silverstein-600x600.jpg]
[cdnwp.tonyrobbins.com/wp-content/uploads/2017/06/Leadership-Testimonial-Don-Wisniewski-600x600.png]
[cdnwp.tonyrobbins.com/wp-content/uploads/2017/06/Leadership-Testimonial-Justin-White-600x600.jpg]
[cdnwp.tonyrobbins.com/wp-content/uploads/2018/05/45407586-LPopt2.jpg]
[cdnwp.tonyrobbins.com/wp-content/uploads/2018/01/Leadership_Impact.png]
[cdnwp.tonyrobbins.com/wp-content/uploads/2018/05/45407586-LPopt1.jpg]
[cdnwp.tonyrobbins.com/wp-content/uploads/2018/03/43243057-3-landingpageheader.jpg]
[www.tonyrobbins.com/stories/leadership-academy/the-second-master-step-to-leadership/index.html]
[cdnwp.tonyrobbins.com/wp-content/uploads/2018/03/Leadership-LP-header.jpg]
[www.tonyrobbins.com/stories/leadership-academy/the-first-master-step-to-leadership/index.html]
[cdnwp.tonyrobbins.com/wp-content/uploads/2018/02/LP-header_leadership-sizzle-post.jpg]
[www.tonyrobbins.com/stories/leadership-academy/answer-the-call-to-lead/index.html]
[cdnwp.tonyrobbins.com/wp-content/uploads/2017/09/leadership-academy_3-people-meeting_blog-header1280_credit-SFIO-shutterstock.jpg]
[www.tonyrobbins.com/stories/leadership-academy/influence-begins-within/index.html]
[www.tonyrobbins.com/stories/leadership-academy/leadership-training-life/index.html]
[www.tonyrobbins.com/stories/leadership-academy/1-step-leadership-training/index.html]
[cdnwp.tonyrobbins.com/wp-content/uploads/2017/09/leadership-academy_leadership-at-meeting_blog-header1280_credit-Rawpixel.com-shutterstock.jpg]
[www.tonyrobbins.com/stories/leadership-academy/5-leadership-academy-powers/index.html]
[cdnwp.tonyrobbins.com/wp-content/uploads/2016/11/34953642-4-header.jpg]
[www.tonyrobbins.com/stories/leadership-academy/leadership-training-by-style/index.html]
[cdnwp.tonyrobbins.com/wp-content/uploads/2016/11/34953642-3-header.jpg]
[cdnwp.tonyrobbins.com/wp-content/uploads/2017/01/User-personas_meeting-customers_blog-header_credit-shutterstock-tsyhun.jpg]
[www.tonyrobbins.com/stories/leadership-academy/secret-engaging-audience/index.html]
[cdnwp.tonyrobbins.com/wp-content/uploads/2015/05/7040001014_1280x565.jpg]
[www.tonyrobbins.com/stories/leadership-academy/the-psychology-of-a-leader/index.html]
[www.tonyrobbins.com/stories/leadership-academy/influential-power-meta-programs/index.html]
[www.tonyrobbins.com/stories/leadership-academy/leaders-go-first-and-now-the-door-is-open/index.html]
[cdnwp.tonyrobbins.com/wp-content/uploads/2015/05/7040000987_1280x565.jpg]
[www.tonyrobbins.com/stories/leadership-academy/the-blueprint-of-leadership/index.html]
[cdnwp.tonyrobbins.com/wp-content/uploads/2015/05/7040000981_1280x565.jpg]
[www.tonyrobbins.com/events/leadership-academy/san-diego-08-26-2018/index.html]
[www.tonyrobbins.com/stories/leadership-academy/why-leadership-academy/index.html]
[www.tonyrobbins.com/stories/leadership-academy/influencing-from-the-inside-out/index.html]
[www.tonyrobbins.com/wp-json/oembed/1.0/embed5df1.json]
[www.tonyrobbins.com/wp-json/oembed/1.0/embedf415]
[cdnwp.tonyrobbins.com/wp-content/uploads/2018/07/20160602-IMG_4362-e1531504381123.jpg]
[cdnwp.tonyrobbins.com/wp-content/uploads/2018/07/BM_end_slate-copy.jpg]
[cdnwp.tonyrobbins.com/wp-content/uploads/2018/03/GrowIcon.png]
[cdnwp.tonyrobbins.com/wp-content/uploads/2018/03/BrainIcon.png]
[cdnwp.tonyrobbins.com/wp-content/uploads/2018/03/ToolsIcon.png]
[cdnwp.tonyrobbins.com/wp-content/uploads/2018/07/keith.jpg]
[cdnwp.tonyrobbins.com/wp-content/uploads/2018/07/David_Meerman_Scott-.png]
[cdnwp.tonyrobbins.com/wp-content/uploads/2018/07/scott_klososky.jpg]
[cdnwp.tonyrobbins.com/wp-content/uploads/2018/02/43083162-1-LPheader.jpg]
[www.tonyrobbins.com/stories/business-mastery/professional-growth-is-personal/index.html]
[www.tonyrobbins.com/stories/business-mastery/what-matters-more-strategy-mindset/index.html]
[cdnwp.tonyrobbins.com/wp-content/uploads/2018/02/43083162-5-LPheader-1.jpg]
[cdnwp.tonyrobbins.com/wp-content/uploads/2018/02/43083162-6-LPheader.jpg]
[www.tonyrobbins.com/stories/business-mastery/surround-yourself-with-quality-people/index.html]
[cdnwp.tonyrobbins.com/wp-content/uploads/2018/02/43083162-2-LPheader.jpg]
[cdnwp.tonyrobbins.com/wp-content/uploads/2017/12/banner1.png]
[www.tonyrobbins.com/stories/business-mastery/immerse-yourself-in-your-business/index.html]
[cdnwp.tonyrobbins.com/wp-content/uploads/2017/06/are-you-a-wantrapreneur_man-trying-to-do-business_header_credit-uber-images-1.jpg]
[www.tonyrobbins.com/stories/business-mastery/knowing-the-road-ahead/index.html]
[cdnwp.tonyrobbins.com/wp-content/uploads/2017/09/business-mastery_team-meeting_blogheader_credit-shutterstock-SFIO-CRACHO.jpg]
[www.tonyrobbins.com/stories/business-mastery/recovering-from-financial-loss/index.html]
[www.tonyrobbins.com/stories/business-mastery/transform-your-psychology/index.html]
[www.tonyrobbins.com/stories/business-mastery/3-levels-business-mastery/index.html]
[cdnwp.tonyrobbins.com/wp-content/uploads/2017/04/2-column-productivity.jpg]
[cdnwp.tonyrobbins.com/wp-content/uploads/2017/06/shutterstock_432817237.jpg]
[www.tonyrobbins.com/stories/business-mastery/making-this-business-mistake/index.html]
[www.tonyrobbins.com/wp-content/uploads/2017/06/shutterstock_338734037-1.jpg]
[www.tonyrobbins.com/stories/business-mastery/love-with-clients/index.html]
[www.tonyrobbins.com/wp-content/uploads/2017/06/encouraging-employees-2.jpg]
[cdnwp.tonyrobbins.com/wp-content/uploads/2017/08/40307473-0-header-1.jpg]
[www.tonyrobbins.com/stories/business-mastery/far-away-exponential-growth/index.html]
[www.tonyrobbins.com/stories/business-mastery/sales-team-stack-up/index.html]
[cdnwp.tonyrobbins.com/wp-content/uploads/2017/06/38462883-2C-LI.jpg]
[www.tonyrobbins.com/stories/business-mastery/7-forces-business-mastery/index.html]
[cdnwp.tonyrobbins.com/wp-content/uploads/2017/06/Banner_Business-at-Peak.jpg]
[www.tonyrobbins.com/stories/business-mastery/career-aligned-nature/index.html]
[cdnwp.tonyrobbins.com/wp-content/uploads/2015/06/7040001212_1280x565.jpg]
[www.tonyrobbins.com/stories/business-mastery/business-operating-peak/index.html]
[www.tonyrobbins.com/wp-content/uploads/2017/06/38718923-LPheader.jpg]
[www.tonyrobbins.com/stories/business-mastery/4-principles-of-strategic-innovation/index.html]
[cdnwp.tonyrobbins.com/wp-content/uploads/2017/04/shutterstock_576772039.jpg]
[www.tonyrobbins.com/stories/business-mastery/success-loves-company/index.html]
[www.tonyrobbins.com/stories/business-mastery/discover-limitless-opportunities/index.html]
[cdnwp.tonyrobbins.com/wp-content/uploads/2017/04/37007007-7-LPheader.jpg]
[www.tonyrobbins.com/stories/business-mastery/preventing-your-growth/index.html]
[cdnwp.tonyrobbins.com/wp-content/uploads/2017/04/shutterstock_177394745.jpg]
[www.tonyrobbins.com/stories/business-mastery/dont-fall-in-love-with-product/index.html]
[cdnwp.tonyrobbins.com/wp-content/uploads/2017/04/37007007-4-LPheader.jpg]
[cdnwp.tonyrobbins.com/wp-content/uploads/2017/04/37007007-3-LPheader.jpg]
[www.tonyrobbins.com/stories/business-mastery/secret-powerful-sales-copy/index.html]
[cdnwp.tonyrobbins.com/wp-content/uploads/2017/04/pexels-photo-52910.jpg]
[cdnwp.tonyrobbins.com/wp-content/uploads/2017/04/37007007-1-LPheader.jpg]
[www.tonyrobbins.com/stories/business-mastery/whats-your-x-factor/index.html]
[cdnwp.tonyrobbins.com/wp-content/uploads/2017/03/37007007-0-LPheader.jpg]
[www.tonyrobbins.com/stories/business-mastery/secret-powerful-sales/index.html]
[www.tonyrobbins.com/stories/business-mastery/setting-business-failure/index.html]
[www.tonyrobbins.com/stories/business-mastery/constant-strategic-innovation/index.html]
[cdnwp.tonyrobbins.com/wp-content/uploads/2016/11/shutterstock_346554041.jpg]
[www.tonyrobbins.com/stories/business-mastery/discover-tonys-secret-thriving-business/index.html]
[cdnwp.tonyrobbins.com/wp-content/uploads/2016/10/shutterstock_158522279.jpg]
[www.tonyrobbins.com/stories/business-mastery/overcoming-fear-failure/index.html]
[cdnwp.tonyrobbins.com/wp-content/uploads/2016/10/shutterstock_377422309.jpg]
[cdnwp.tonyrobbins.com/wp-content/uploads/2016/10/shutterstock_334043420.jpg]
[www.tonyrobbins.com/stories/business-mastery/psychology-preventing-growth/index.html]
[www.tonyrobbins.com/stories/business-mastery/business-mastery-guarantee/index.html]
[www.tonyrobbins.com/stories/business-mastery/finding-way-none/index.html]
[cdnwp.tonyrobbins.com/wp-content/uploads/2016/10/shutterstock_337088285.jpg]
[cdnwp.tonyrobbins.com/wp-content/uploads/2016/10/shutterstock_338734037.jpg]
[cdnwp.tonyrobbins.com/wp-content/uploads/2016/04/29291878-header.jpg]
[www.tonyrobbins.com/stories/business-mastery/are-your-clients-talking-about-you/index.html]
[www.tonyrobbins.com/stories/business-mastery/2-millimeter-rule/index.html]
[www.tonyrobbins.com/stories/business-mastery/roi-business-results-workshops/index.html]
[cdnwp.tonyrobbins.com/wp-content/uploads/2016/03/Executive-Coaching.jpg]
[www.tonyrobbins.com/stories/business-mastery/business-mastery-breakthroughs/index.html]
[cdnwp.tonyrobbins.com/wp-content/uploads/2016/09/shutterstock_360382331.jpg]
[cdnwp.tonyrobbins.com/wp-content/uploads/2016/09/shutterstock_368997863.jpg]
[www.tonyrobbins.com/stories/business-mastery/key-improving-profits/index.html]
[www.tonyrobbins.com/wp-content/uploads/2016/09/40307473-3-LPheader2.1c4.delayed]
[cdnwp.tonyrobbins.com/wp-content/uploads/2016/09/shutterstock_308931104.jpg]
[cdnwp.tonyrobbins.com/wp-content/uploads/2016/09/shutterstock_316113938.jpg]
[www.tonyrobbins.com/stories/business-mastery/five-strategies-dominate-sales/index.html]
[www.tonyrobbins.com/stories/business-mastery/stand-out-in-the-crowd/index.html]
[cdnwp.tonyrobbins.com/wp-content/uploads/2015/12/7040012440_1280x565.jpg]
[www.tonyrobbins.com/stories/business-mastery/throw-business-plan/index.html]
[www.tonyrobbins.com/stories/business-mastery/provide-value-anyone-else/index.html]
[www.tonyrobbins.com/stories/business-mastery/the-real-life-story-of-an-artist/index.html]
[cdnwp.tonyrobbins.com/wp-content/uploads/2015/12/7040012437_1280x565.jpg]
[cdnwp.tonyrobbins.com/wp-content/uploads/2015/12/7040012434_1280x565.jpg]
[cdnwp.tonyrobbins.com/wp-content/uploads/2015/10/7040012324_1280x565.jpg]
[www.tonyrobbins.com/stories/business-mastery/the-real-life-story-of-an-entrepreneur/index.html]
[cdnwp.tonyrobbins.com/wp-content/uploads/2015/06/38462883-2A-LI.jpg]
[www.tonyrobbins.com/stories/business-mastery/who-are-you-really-in-your-business/index.html]
[cdnwp.tonyrobbins.com/wp-content/uploads/2015/04/7040000841_1280x565.jpg]
[www.tonyrobbins.com/events/business-mastery/palm-beach/index.html]
[www.tonyrobbins.com/stories/business-mastery/the-real-life-story-of-a-manager/index.html]
[www.tonyrobbins.com/stories/business-mastery/gain-edge-competition/index.html]
[www.tonyrobbins.com/stories/business-mastery/the-7-business-triggers/index.html]
[www.tonyrobbins.com/wp-json/oembed/1.0/embed0bc0.json]
[www.tonyrobbins.com/wp-json/oembed/1.0/embed321c]
[cdnwp.tonyrobbins.com/wp-content/uploads/2017/08/Untitled-11.jpg]
[www.tonyrobbins.com/business-results-training/index.html]
[www.tonyrobbins.com/wp-json/oembed/1.0/embedd605.json]
[www.tonyrobbins.com/wp-json/oembed/1.0/embed7d65]
[cdnwp.tonyrobbins.com/wp-content/uploads/2018/05/20161027_arpp_india_c04725.jpg]
[www.tonyrobbins.com/wp-content/themes/tonyrobbins2016/images/temp/image1.jpg]
[www.tonyrobbins.com/wp-content/themes/tonyrobbins2016/images/temp/image2.jpg]
[www.tonyrobbins.com/wp-content/themes/tonyrobbins2016/images/temp/image3.jpg]
[www.tonyrobbins.com/wp-content/themes/tonyrobbins2016/images/temp/image4.jpg]
[www.tonyrobbins.com/wp-content/themes/tonyrobbins2016/images/temp/image5.jpg]
[www.tonyrobbins.com/wp-content/themes/tonyrobbins2016/images/temp/image6.jpg]
[www.tonyrobbins.com/platinum-partnership/index.html]
[www.tonyrobbins.com/wp-json/oembed/1.0/embed9a9c.json]
[www.tonyrobbins.com/wp-json/oembed/1.0/embede2ac]
[cdnwp.tonyrobbins.com/wp-content/uploads/2018/06/Screen-Shot-2018-06-08-at-11.40.58-AM.png]
[www.tonyrobbins.com/community/index.html]
[www.tonyrobbins.com/community/crew-program-info/index.html]
[www.tonyrobbins.com/wp-json/oembed/1.0/embed094e.json]
[www.tonyrobbins.com/wp-json/oembed/1.0/embedfb87]
[cdnwp.tonyrobbins.com/wp-content/uploads/2018/04/51109702-550x367.jpg]
[cdnwp.tonyrobbins.com/wp-content/uploads/2016/10/article-image-3.jpg]
[cdnwp.tonyrobbins.com/wp-content/uploads/2016/02/getting-life-coaching-e1478726266575.jpg]
[www.tonyrobbins.com/tony-robbins-books/index.html]
[cdnwp.tonyrobbins.com/wp-content/uploads/2016/09/Life-coach-vs-Therapist-e1478726377264.jpg]
[www.tonyrobbins.com/coaching/life-coach-vs-therapist/index.html]
[cdnwp.tonyrobbins.com/wp-content/uploads/2016/09/How-to-Find-a-Coach-You-Love-e1478726418905.jpg]
[www.tonyrobbins.com/coaching/results-life-coach/index.html]
[www.tonyrobbins.com/coaching/find-life-coach-love/index.html]
[cdnwp.tonyrobbins.com/wp-content/uploads/2016/09/Do-I-Need-a-Life-Coach-e1478726462232.jpg]
[www.tonyrobbins.com/coaching/do-i-need-a-life-coach/index.html]
[cdnwp.tonyrobbins.com/wp-content/uploads/2017/12/HubImage_What-Motivates-You-550x234.jpg]
[cdnwp.tonyrobbins.com/wp-content/uploads/2017/06/serena-williams-power-of-focus-flickr-mirsasha-1-550x234.jpg]
[cdnwp.tonyrobbins.com/wp-content/uploads/2017/06/7040012405_1280x565-1-550x234.jpg]
[cdnwp.tonyrobbins.com/wp-content/uploads/2017/12/HubImage_Coaching-Testimonials-550x234.jpg]
[www.tonyrobbins.com/coaching/index.html]
[www.tonyrobbins.com/mind-meaning/the-mindset-of-a-champion/index.html]
[www.tonyrobbins.com/mind-meaning/what-makes-a-great-coach/index.html]
[www.tonyrobbins.com/hear-others-say-coaching/index.html]
[www.tonyrobbins.com/wp-json/oembed/1.0/embed33ad.json]
[www.tonyrobbins.com/wp-json/oembed/1.0/embed61ea]
[cdnwp.tonyrobbins.com/wp-content/uploads/2018/02/Career_Banner.jpg]
[cdnwp.tonyrobbins.com/wp-content/uploads/2018/03/dumbbell-test-2.png]
[cdnwp.tonyrobbins.com/wp-content/uploads/2018/03/happy-couple-test-1.png]
[cdnwp.tonyrobbins.com/wp-content/uploads/2018/02/CoachingVideoThumbNail.jpg]
[cdnwp.tonyrobbins.com/wp-content/uploads/2017/06/MindMeaning2_Blue.png]
[cdnwp.tonyrobbins.com/wp-content/uploads/2017/06/HealthVitality1_Blue1.png]
[cdnwp.tonyrobbins.com/wp-content/uploads/2018/02/Business-image_Coaching-page.png]
[cdnwp.tonyrobbins.com/wp-content/uploads/2018/05/HubImage_Avoid-Winter-Rut.jpg]
[cdnwp.tonyrobbins.com/wp-content/uploads/2017/06/keeping-the-spark_header_credit-Hrecheniuk-Oleksii-shutterstock-1.jpg]
[cdnwp.tonyrobbins.com/wp-content/uploads/2016/10/03-facebooklink-1230x627.png]
[www.tonyrobbins.com/wp-content/themes/tonyrobbins2016/images/circle-background.jpg]
[cdnwp.tonyrobbins.com/wp-content/uploads/2017/06/Screen-Shot-2017-06-12-at-1.22.14-PM.png]
[cdnwp.tonyrobbins.com/wp-content/uploads/2017/06/Screen-Shot-2017-06-12-at-1.23.12-PM.png]
[cdnwp.tonyrobbins.com/wp-content/uploads/2017/06/Screen-Shot-2017-06-12-at-1.23.48-PM.png]
[cdnwp.tonyrobbins.com/wp-content/uploads/2017/05/white-outlined_business-and-career.png]
[cdnwp.tonyrobbins.com/wp-content/uploads/2018/05/44679456-4A-LPheaderv1.jpg]
[www.tonyrobbins.com/stories/coaching/reaching-new-heights/index.html]
[cdnwp.tonyrobbins.com/wp-content/uploads/2018/05/Strengthen-Relationship_Coaching-LP-header.jpg]
[www.tonyrobbins.com/stories/coaching/changing-your-mindset/index.html]
[cdnwp.tonyrobbins.com/wp-content/uploads/2018/04/44679456-2A-LPheaderv1.jpg]
[www.tonyrobbins.com/stories/coaching/strengthen-relationship/index.html]
[www.tonyrobbins.com/stories/coaching/how-to-get-over-feeling-stuck/index.html]
[cdnwp.tonyrobbins.com/wp-content/uploads/2018/04/44679456-1-LPheaderv4.jpg]
[www.tonyrobbins.com/stories/coaching/grow-your-wealth-and-success/index.html]
[www.tonyrobbins.com/stories/coaching/finding-inner-strength/index.html]
[www.tonyrobbins.com/wp-content/themes/tonyrobbins2016/js/success_circles.js]
[www.tonyrobbins.com/coaching/results-coaching/index.html]
[www.tonyrobbins.com/stories/coaching/how-to-break-bad-habits/index.html]
[www.tonyrobbins.com/stories/coaching/strengthen-your-relationships/index.html]
[www.tonyrobbins.com/stories/coaching/breakthrough-limiting-beliefs/index.html]
[www.tonyrobbins.com/stories/coaching/reach-new-heights/index.html]
[www.tonyrobbins.com/blog/page/2/index.html]
[cdnwp.tonyrobbins.com/wp-content/uploads/2018/06/Tony-Tracker-Stamp-Still-1-1280x448.png]
[www.tonyrobbins.com/news/stanley-cup-finals-personal-ai/index.html]
[cdnwp.tonyrobbins.com/wp-content/uploads/2018/06/Tony-Tracker-Stamp-Still-2-1280x448.png]
[www.tonyrobbins.com/career-business/index.html]
[www.tonyrobbins.com/health-vitality/index.html]
[cdnwp.tonyrobbins.com/wp-content/uploads/2017/11/sustainable-charity_giving-money_blogheader1920_credit-shutterstock-file404.jpg]
[www.tonyrobbins.com/leadership-impact/index.html]
[www.tonyrobbins.com/love-relationships/index.html]
[www.tonyrobbins.com/productivity-performance/index.html]
[cdnwp.tonyrobbins.com/wp-content/uploads/2017/09/Leadership_Impact.png]
[www.tonyrobbins.com/mind-meaning/index.html]
[www.tonyrobbins.com/wealth-lifestyle/index.html]
[cdnwp.tonyrobbins.com/wp-content/uploads/2017/07/Letting-Go_Girl-Contemplating-Past_Blog-Header_Credit-Shutterstock-AudreyUG.jpg]
[www.tonyrobbins.com/news/from-vatican-city-to-the-nba-finals/index.html]
[www.tonyrobbins.com/blog/index.html]
[www.tonyrobbins.com/news/behind-scenes-upw-chicago/index.html]
[www.tonyrobbins.com/leadership-impact/sustainable-giving-better-living/index.html]
[www.tonyrobbins.com/mind-meaning/let-go-past/index.html]
[www.tonyrobbins.com/blog/page/3/index.html]
[www.tonyrobbins.com/story/business-mastery.html]
[www.tonyrobbins.com/blog/page/56/index.html]
[www.tonyrobbins.com/stories/feed/index.html]
[www.tonyrobbins.com/stories/page/2/index.html]
[www.tonyrobbins.com/story/coaching.html]
[www.tonyrobbins.com/story/date-with-destiny.html]
[www.tonyrobbins.com/story/leadership-academy.html]
[www.tonyrobbins.com/story/life-wealth.html]
[www.tonyrobbins.com/story/unleash-the-power.html]
[cdnwp.tonyrobbins.com/wp-content/uploads/2017/07/39150835-landingpage-header.jpg]
[cdnwp.tonyrobbins.com/wp-content/uploads/2018/01/white-outlined_love-and-relationships.png]
[www.tonyrobbins.com/stories/date-with-destiny/ignite-passion-in-your-life/index.html]
[cdnwp.tonyrobbins.com/wp-content/uploads/2018/06/Overcome-3_WP-header-image-550x353.png]
[www.tonyrobbins.com/stories/index.html]
[www.tonyrobbins.com/stories/date-with-destiny/discover-who-you-truly-are/index.html]
[www.tonyrobbins.com/wp-json/oembed/1.0/embed0a62.json]
[www.tonyrobbins.com/wp-json/oembed/1.0/embed665e]
[www.tonyrobbins.com/stories/page/3/index.html]
[www.tonyrobbins.com/stories/page/11/index.html]
[cdnwp.tonyrobbins.com/wp-content/uploads/2017/03/wol.png]
[cdnwp.tonyrobbins.com/wp-content/uploads/2017/03/wol-icon2.png]
[cdnwp.tonyrobbins.com/wp-content/uploads/2017/03/disc.png]
[cdnwp.tonyrobbins.com/wp-content/uploads/2017/03/disc-icon.png]
[cdnwp.tonyrobbins.com/wp-content/uploads/2017/03/businessidentity.png]
[cdnwp.tonyrobbins.com/wp-content/uploads/2017/03/businessidentity-icon.png]
[cdnwp.tonyrobbins.com/wp-content/uploads/2017/03/healthcheck.png]
[cdnwp.tonyrobbins.com/wp-content/uploads/2017/03/healthcheck-icon4.png]
[cdnwp.tonyrobbins.com/wp-content/uploads/2017/03/drivingforce.png]
[cdnwp.tonyrobbins.com/wp-content/uploads/2017/03/drivingforce-icon.png]
[cdnwp.tonyrobbins.com/wp-content/uploads/2017/03/gender.png]
[cdnwp.tonyrobbins.com/wp-content/uploads/2017/03/gender-icon2.png]
[www.tonyrobbins.com/assessments/index.html]
[www.tonyrobbins.com/wp-json/oembed/1.0/embed8af4.json]
[www.tonyrobbins.com/wp-json/oembed/1.0/embed33a9]
[cdnwp.tonyrobbins.com/wp-content/uploads/2017/03/Header-Growth-Solutions.jpg]
[cdnwp.tonyrobbins.com/wp-content/uploads/2017/03/Thumb-Ultimate-Relationship-Guide.jpg]
[www.tonyrobbins.com/ultimate-relationship-guide/index.html]
[cdnwp.tonyrobbins.com/wp-content/uploads/2017/03/unspecified.png]
[cdnwp.tonyrobbins.com/wp-content/uploads/2017/03/Thumb-Coaching.jpg]
[cdnwp.tonyrobbins.com/wp-content/uploads/2017/03/Thumb-Time-Management.jpg]
[cdnwp.tonyrobbins.com/wp-content/uploads/2017/03/Thumb-Weight-Loss.jpg]
[www.tonyrobbins.com/importance-time-management/index.html]
[cdnwp.tonyrobbins.com/wp-content/uploads/2017/03/Thumb-Leadership.jpg]
[www.tonyrobbins.com/what-is-leadership/index.html]
[cdnwp.tonyrobbins.com/wp-content/uploads/2017/03/Thumb-Retirement.jpg]
[www.tonyrobbins.com/growth-solutions/index.html]
[www.tonyrobbins.com/achieve-lasting-weight-loss/index.html]
[www.tonyrobbins.com/financial-handbook-retirement/index.html]
[www.tonyrobbins.com/wp-json/oembed/1.0/embed4248.json]
[www.tonyrobbins.com/wp-json/oembed/1.0/embed8d1b]
[cdnwp.tonyrobbins.com/wp-content/uploads/2017/03/intro-image19.jpg]
[cdnwp.tonyrobbins.com/wp-content/uploads/2017/03/intro-image-11.jpg]
[cdnwp.tonyrobbins.com/wp-content/uploads/2017/03/intro-image-12.jpg]
[www.tonyrobbins.com/ask-tony.html]
[cdnwp.tonyrobbins.com/wp-content/uploads/2017/03/feature-primary5.jpg]
[cdnwp.tonyrobbins.com/wp-content/uploads/2017/03/feature-primary6.jpg]
[cdnwp.tonyrobbins.com/wp-content/uploads/2017/03/feature-primary7.jpg]
[www.tonyrobbins.com/experiences/screening-room/index.html]
[www.tonyrobbins.com/stories.html]
[cdnwp.tonyrobbins.com/wp-content/uploads/2017/03/feature-primary8.jpg]
[cdnwp.tonyrobbins.com/wp-content/uploads/2017/03/feature-primary9.jpg]
[cdnwp.tonyrobbins.com/wp-content/uploads/2017/03/feature-primary10.jpg]
[cdnwp.tonyrobbins.com/wp-content/uploads/2017/03/feature-primary11.jpg]
[www.tonyrobbins.com/media-library/index.html]
[www.tonyrobbins.com/wp-json/oembed/1.0/embedf7d9.json]
[www.tonyrobbins.com/wp-json/oembed/1.0/embed39ce]
[cdnwp.tonyrobbins.com/wp-content/uploads/2017/06/intro-image-17.jpg]
[cdnwp.tonyrobbins.com/wp-content/uploads/2017/03/intro-image.png]
[cdnwp.tonyrobbins.com/wp-content/uploads/2016/03/section-image-5.png]
[cdnwp.tonyrobbins.com/wp-content/uploads/2017/06/ue.png]
[cdnwp.tonyrobbins.com/wp-content/uploads/2017/06/byd.png]
[cdnwp.tonyrobbins.com/wp-content/uploads/2017/06/mi.png]
[cdnwp.tonyrobbins.com/wp-content/uploads/2017/06/clc.png]
[cdnwp.tonyrobbins.com/wp-content/uploads/2017/06/urp.png]
[cdnwp.tonyrobbins.com/wp-content/uploads/2017/06/screenshot1-320x525.jpg]
[cdnwp.tonyrobbins.com/wp-content/uploads/2017/06/screenshot2-320x525.jpg]
[cdnwp.tonyrobbins.com/wp-content/uploads/2017/06/screenshot3-320x525.jpg]
[cdnwp.tonyrobbins.com/wp-content/uploads/2017/06/screenshot4-320x525.jpg]
[cdnwp.tonyrobbins.com/wp-content/uploads/2017/06/screenshot5-320x525.jpg]
[www.tonyrobbins.com/breakthrough-app/index.html]
[www.tonyrobbins.com/wp-json/oembed/1.0/embeddcc6.json]
[www.tonyrobbins.com/wp-json/oembed/1.0/embed93e7]
[cdnwp.tonyrobbins.com/wp-content/uploads/2017/03/intro-image-18.jpg]
[cdnwp.tonyrobbins.com/wp-content/uploads/2017/03/feature-primary1.jpg]
[www.tonyrobbins.com/refer-a-friend/index.html]
[cdnwp.tonyrobbins.com/wp-content/uploads/2017/03/feature-primary2.jpg]
[cdnwp.tonyrobbins.com/wp-content/uploads/2017/03/feature-primary3.jpg]
[cdnwp.tonyrobbins.com/wp-content/uploads/2017/03/feature-primary4.jpg]
[www.tonyrobbins.com/get-involved/index.html]
[www.tonyrobbins.com/wp-json/oembed/1.0/embedd4ea.json]
[www.tonyrobbins.com/wp-json/oembed/1.0/embed2312]
[cdnwp.tonyrobbins.com/wp-content/uploads/2015/11/shutterstock_285138491.jpg]
[www.tonyrobbins.com/employment-opportunities/index.html]
[www.tonyrobbins.com/careers/peak-performance-strategist-fsr/index.html]
[www.tonyrobbins.com/wp-json/oembed/1.0/embed4a7a.json]
[www.tonyrobbins.com/careers/marketing-copywriter/index.html]
[www.tonyrobbins.com/careers/corporate_relations_specialist/index.html]
[www.tonyrobbins.com/careers/accounts-payable-representative/index.html]
[www.tonyrobbins.com/wp-json/oembed/1.0/embeda881]
[www.tonyrobbins.com/terms-of-use/index.html]
[www.tonyrobbins.com/careers/business-consultants/index.html]
[www.tonyrobbins.com/careers/marketing-campaign-manager/index.html]
[www.tonyrobbins.com/careers/business-coordinator/index.html]
[www.tonyrobbins.com/careers/results-coach/index.html]
[www.tonyrobbins.com/careers/business-results-specialist/index.html]
[www.tonyrobbins.com/wp-json/oembed/1.0/embed0fad.json]
[www.tonyrobbins.com/careers/national-coordinator-appointment-setting-sales/index.html]
[www.tonyrobbins.com/careers/coaching-sales-representative/index.html]
[www.tonyrobbins.com/privacy-policy/index.html]
[www.tonyrobbins.com/wp-json/oembed/1.0/embed6e4d]
[www.tonyrobbins.com/wp-json/oembed/1.0/embed16ad.json]
[www.tonyrobbins.com/cookie-policy/index.html]
[www.tonyrobbins.com/wp-json/oembed/1.0/embeded51]
[cdnwp.tonyrobbins.com/wp-content/uploads/2017/03/out_innovate_your_competition_292x584.png]
[www.tonyrobbins.com/strategic-innovation-funnel/index.html]
[cdnwp.tonyrobbins.com/wp-content/uploads/2017/03/award_winning_mindset_292x292.png]
[www.tonyrobbins.com/adopt-winning-mindset-funnel/index.html]
[cdnwp.tonyrobbins.com/wp-content/uploads/2017/03/create_a_business_map_584x292.png]
[www.tonyrobbins.com/business-map-funnel/index.html]
[cdnwp.tonyrobbins.com/wp-content/uploads/2017/03/get_more_clients_584x292.png]
[www.tonyrobbins.com/get-more-clients-funnel/index.html]
[cdnwp.tonyrobbins.com/wp-content/uploads/2017/03/increase_revenue_292x292.png]
[cdnwp.tonyrobbins.com/wp-content/uploads/2017/03/reduce_risk_292x292.png]
[cdnwp.tonyrobbins.com/wp-content/uploads/2017/03/accelerate_growth_584_292.png]
[www.tonyrobbins.com/reduce-risk-funnel/index.html]
[www.tonyrobbins.com/increase-revenue-funnel/index.html]
[www.tonyrobbins.com/accelerate-growth-funnel/index.html]
[cdnwp.tonyrobbins.com/wp-content/uploads/2017/03/create_lifetime_clients_292x292.png]
[www.tonyrobbins.com/business-main/index.html]
[www.tonyrobbins.com/create-lifetime-customers-funnel/indexd41d.html]
[www.tonyrobbins.com/wp-json/oembed/1.0/embed83ea.json]
[www.tonyrobbins.com/wp-json/oembed/1.0/embedda70]
[cdnwp.tonyrobbins.com/wp-content/uploads/2017/03/tile3.jpg]
[www.tonyrobbins.com/grow-wealth-funnel/index.html]
[www.tonyrobbins.com/advance-career-funnel/index.html]
[cdnwp.tonyrobbins.com/wp-content/uploads/2017/03/tile1.jpg]
[cdnwp.tonyrobbins.com/wp-content/uploads/2017/03/tile2.jpg]
[cdnwp.tonyrobbins.com/wp-content/uploads/2017/03/tile4.jpg]
[cdnwp.tonyrobbins.com/wp-content/uploads/2017/03/tile5.jpg]
[cdnwp.tonyrobbins.com/wp-content/uploads/2017/03/tile6.jpg]
[cdnwp.tonyrobbins.com/wp-content/uploads/2017/03/tile7.jpg]
[www.tonyrobbins.com/improve-mindset-funnel/index.html]
[www.tonyrobbins.com/enhance-leadership-funnel/index.html]
[www.tonyrobbins.com/health-vitality-funnel/index.html]
[www.tonyrobbins.com/improve-relationship-funnel/index.html]
[cdnwp.tonyrobbins.com/wp-content/uploads/2017/03/tile8.jpg]
[www.tonyrobbins.com/personal-main/index.html]
[www.tonyrobbins.com/stories/turning-fear-into-power/index.html]
[www.tonyrobbins.com/stories/are-your-beliefs-holding-you-back/index.html]
[www.tonyrobbins.com/wp-json/oembed/1.0/embed6d1e.json]
[www.tonyrobbins.com/increase-productivity-funnel/index.html]
[www.tonyrobbins.com/wp-json/oembed/1.0/embeda26a]
[cdnwp.tonyrobbins.com/wp-content/uploads/2018/06/Health_Guide_HV_sidebar.png]
[s3.amazonaws.com/tr-web-v2/images/09/71/0355686e-4106-4618-80aa-d0df81abd29e/7040000971_d.jpg]
[s3.amazonaws.com/tr-web-v2/images/09/72/0f0c8ee2-fe67-43a0-a043-9aeb6f7450d3/7040000972_d.jpg]
[s3.amazonaws.com/tr-web-v2/images/09/73/cf544fa4-9083-4e75-8892-cd1f76906dea/7040000973_d.jpg]
[s3.amazonaws.com/tr-web-v2/images/09/74/d250a50f-911b-44a6-a637-a50ce4851802/7040000974_d.jpg]
[s3.amazonaws.com/tr-web-v2/images/09/75/7a7af5c9-c4e1-4898-b500-3c63fc3e163b/7040000975_d.jpg]
[cdnwp.tonyrobbins.com/wp-content/uploads/2016/08/32121230-career-2.jpg]
[cdnwp.tonyrobbins.com/wp-content/uploads/2016/08/32121230-loverelationships.jpg]
[cdnwp.tonyrobbins.com/wp-content/uploads/2016/08/32121230-mindmeaning-1.jpg]
[cdnwp.tonyrobbins.com/wp-content/uploads/2018/01/Healthy-Eating_Vegetables_Blog-Header_Credit-Shutterstock-Aneta-Gu.jpg]
[cdnwp.tonyrobbins.com/wp-content/uploads/2017/11/Healthy-man_working-out_blog-header_credit-shutterstock-yakobchuk-viacheslav.jpg]
[www.tonyrobbins.com/health-vitality/break-out-of-your-breakfast-rut/index.html]
[www.tonyrobbins.com/health-vitality/sustainable-health-diet/index.html]
[www.tonyrobbins.com/health-vitality/health-coach-revolution/index.html]
[www.tonyrobbins.com/wp-json/oembed/1.0/embed7604.json]
[www.tonyrobbins.com/career-business/the-power-of-leverage/feed/index.html]
[www.tonyrobbins.com/wp-json/oembed/1.0/embed2fb5]
[cdnwp.tonyrobbins.com/wp-content/uploads/2015/10/7forces2.jpg]
[s3.amazonaws.com/tr-web-v2/images/10/88/5e2806a5-84d6-4367-80f1-1c97f2e6ea8e/7040001088_d.jpg]
[cdnwp.tonyrobbins.com/wp-content/uploads/2018/02/WorkStrategies_1920x800.jpg]
[www.tonyrobbins.com/career-business/the-power-of-leverage/index.html]
[www.tonyrobbins.com/career-business/whats-working-style/index.html]
[www.tonyrobbins.com/wp-json/oembed/1.0/embed1385.json]
[www.tonyrobbins.com/productivity-performance/time-sucks/feed/index.html]
[www.tonyrobbins.com/wp-json/oembed/1.0/embedad48]
[cdnwp.tonyrobbins.com/wp-content/uploads/2016/10/beliefshub.jpg]
[s3.amazonaws.com/tr-web-v2/images/11/15/8b3fb9d4-a617-46d7-aa53-43c2aae12dce/7040001115_d.jpg]
[s3.amazonaws.com/tr-web-v2/images/11/01/7a07c157-d6f9-4e85-8b81-5083543698e0/7040001101_d.jpg]
[s3.amazonaws.com/tr-web-v2/images/11/14/5a0f7ca1-6403-480d-9019-426fc3809dbb/7040001114_d.jpg]
[cdnwp.tonyrobbins.com/wp-content/uploads/2017/09/what-is-productivity_architects-working-on-plans_blogheader1280_credit-mrmohock-shutterstock.jpg]
[cdnwp.tonyrobbins.com/wp-content/uploads/2017/06/7040012206_1280x565-1.jpg]
[www.tonyrobbins.com/productivity-performance/time-sucks/index.html]
[www.tonyrobbins.com/productivity-performance/manage-your-life-not-a-list/index.html]
[www.tonyrobbins.com/productivity-performance/busting-the-myth-of-mutlitasking/index.html]
[www.tonyrobbins.com/wp-json/oembed/1.0/embed1af9.json]
[www.tonyrobbins.com/wp-json/oembed/1.0/embed0cc7]
[cdnwp.tonyrobbins.com/wp-content/uploads/2018/05/Passion_is_the_only_true_exigency_of_action.jpg]
[www.tonyrobbins.com/career-business/hunger-will-destroy-your-fear-of-failure/index.html]
[www.tonyrobbins.com/mind-meaning/the-power-of-deep-listening/feed/index.html]
[www.tonyrobbins.com/wp-json/oembed/1.0/embed73cc.json]
[www.tonyrobbins.com/wp-json/oembed/1.0/embedf68e]
[cdnwp.tonyrobbins.com/wp-content/uploads/2015/04/WOL-tr-ad-2.png]
[s3.amazonaws.com/tr-web-v2/images/11/94/dc9e3809-7683-44ef-8536-cd7ab246fb91/7040001194_d.jpg]
[cdnwp.tonyrobbins.com/wp-content/uploads/2017/06/Master-Meaning_Couple-Arguing_Blog-Header_credit-shutterstock-Photographee.eu_.jpg]
[www.tonyrobbins.com/mind-meaning/the-power-of-deep-listening/index.html]
[www.tonyrobbins.com/mind-meaning/who-is-in-charge-of-your-emotions/index.html]
[www.tonyrobbins.com/wp-json/oembed/1.0/embed1acf.json]
[www.tonyrobbins.com/wp-json/oembed/1.0/embedfb6d]
[cdnwp.tonyrobbins.com/wp-content/uploads/2018/07/HEADSHOT-500X5001.png]
[cdnwp.tonyrobbins.com/wp-content/uploads/2018/07/QUOTE-1080x10801-550x550.png]
[www.tonyrobbins.com/podcasts/do-you-ever-feel-like-a-fraud/index.html]
[www.tonyrobbins.com/wp-json/oembed/1.0/embed1e1a.json]
[www.tonyrobbins.com/wp-json/oembed/1.0/embed4cb6]
[cdnwp.tonyrobbins.com/wp-content/uploads/2018/07/HEADSHOT-500X500.png]
[cdnwp.tonyrobbins.com/wp-content/uploads/2018/07/QUOTE-1080x1080-550x550.png]
[www.tonyrobbins.com/podcasts/are-you-scared-of-being-cheated-on/index.html]
[www.tonyrobbins.com/wp-json/oembed/1.0/embed3f65.json]
[www.tonyrobbins.com/wp-json/oembed/1.0/embed174b]
[cdnwp.tonyrobbins.com/wp-content/uploads/2018/04/HEADSHOT-500X5003.jpg]
[www.tonyrobbins.com/podcasts/payback-for-venmo/index.html]
[www.tonyrobbins.com/career-business/the-power-of-story-peter-guber/index.html]
[www.tonyrobbins.com/wp-json/oembed/1.0/embed9e73.json]
[www.tonyrobbins.com/career-business/build-10m-business/index.html]
[www.tonyrobbins.com/career-business/shouldnt-quit-day-job/index.html]
[www.tonyrobbins.com/wp-json/oembed/1.0/embed4ebc]
[cdnwp.tonyrobbins.com/wp-content/uploads/2018/07/HEADER-1600x6001.jpg]
[cdnwp.tonyrobbins.com/wp-content/uploads/2018/04/TILE-370x4252.jpg]
[www.tonyrobbins.com/podcasts/how-to-innovate-in-zeros/index.html]
[cdnwp.tonyrobbins.com/wp-content/uploads/2018/04/TILE-370x4251.jpg]
[cdnwp.tonyrobbins.com/wp-content/uploads/2018/04/TILE-370x425.jpg]
[www.tonyrobbins.com/podcasts/how-ai-can-boost-your-business/index.html]
[www.tonyrobbins.com/podcasts/build-bigger-business/index.html]
[www.tonyrobbins.com/podcasts/part-captain-class/index.html]
[cdnwp.tonyrobbins.com/wp-content/uploads/2018/03/TILE-370x4251.jpg]
[cdnwp.tonyrobbins.com/wp-content/uploads/2018/03/TILE-370x425.jpg]
[www.tonyrobbins.com/podcasts/new-face-retail/index.html]
[cdnwp.tonyrobbins.com/wp-content/uploads/2018/03/TILE-370x425.png]
[cdnwp.tonyrobbins.com/wp-content/uploads/2018/02/TILE-370x4252.png]
[www.tonyrobbins.com/podcasts/it-matters-how-you-get-there/index.html]
[www.tonyrobbins.com/podcasts/crowdsourcing-your-business/index.html]
[cdnwp.tonyrobbins.com/wp-content/uploads/2018/02/TILE-370x4251.png]
[www.tonyrobbins.com/podcasts/wired-for-pleasure/index.html]
[cdnwp.tonyrobbins.com/wp-content/uploads/2018/02/TILE-370x425.png]
[cdnwp.tonyrobbins.com/wp-content/uploads/2018/01/TILE-370x4251.png]
[www.tonyrobbins.com/podcasts/the-entrepreneur-playbook/index.html]
[www.tonyrobbins.com/podcasts/upholder-questioner-obliger-or-rebel/index.html]
[cdnwp.tonyrobbins.com/wp-content/uploads/2018/01/TILE-370x425.png]
[www.tonyrobbins.com/podcasts/achieve-ultimate-health-10-days/index.html]
[cdnwp.tonyrobbins.com/wp-content/uploads/2017/12/TILE-370x4251.png]
[cdnwp.tonyrobbins.com/wp-content/uploads/2017/12/TILE-370x425.png]
[www.tonyrobbins.com/podcasts/in-pursuit-of-your-why/index.html]
[cdnwp.tonyrobbins.com/wp-content/uploads/2017/11/TILE-370x4252.png]
[cdnwp.tonyrobbins.com/wp-content/uploads/2017/11/TILE-370x4251.png]
[www.tonyrobbins.com/podcasts/be-the-last-to-speak/index.html]
[cdnwp.tonyrobbins.com/wp-content/uploads/2017/10/TILE-370x4251-370x423.png]
[cdnwp.tonyrobbins.com/wp-content/uploads/2017/10/TILE-370x425.png]
[www.tonyrobbins.com/podcasts/success-strategies-self-made-billionaire/index.html]
[www.tonyrobbins.com/podcasts/built-serve-succeed/index.html]
[cdnwp.tonyrobbins.com/wp-content/uploads/2016/08/podcast-UPW-tile-03b-2.jpg]
[www.tonyrobbins.com/podcasts/why-do-people-cheat/index.html]
[cdnwp.tonyrobbins.com/wp-content/uploads/2017/09/TILE-370x4252.png]
[www.tonyrobbins.com/podcasts/look-inside-date-destiny/index.html]
[www.tonyrobbins.com/podcasts/stoic-alpha-know/index.html]
[www.tonyrobbins.com/podcasts/create-life-changing-moments/index.html]
[cdnwp.tonyrobbins.com/wp-content/uploads/2017/09/TILE-370x425.png]
[www.tonyrobbins.com/podcasts/why-you-will-never-earn-your-fortune-gary-vaynerchuk/index.html]
[www.tonyrobbins.com/podcasts/self-made-success/index.html]
[cdnwp.tonyrobbins.com/wp-content/uploads/2017/08/TILE-370x4251.png]
[cdnwp.tonyrobbins.com/wp-content/uploads/2017/08/TILE-370x425.png]
[www.tonyrobbins.com/podcasts/obsessions-addictions-compulsions/index.html]
[cdnwp.tonyrobbins.com/wp-content/uploads/2017/07/HEADER-1280x545-370x425.png]
[www.tonyrobbins.com/podcasts/tonys-top-3-biohacks/index.html]
[cdnwp.tonyrobbins.com/wp-content/uploads/2017/06/bio-hacking_dave-asprey_header-image_credit-shutterstock-baranq-370x425.jpg]
[cdnwp.tonyrobbins.com/wp-content/uploads/2017/03/WesternMedicine-370x425.jpg]
[www.tonyrobbins.com/podcasts/what-does-it-mean-to-be-bulletproof/index.html]
[cdnwp.tonyrobbins.com/wp-content/uploads/2017/05/podcast-episode-05_tile-1.jpg]
[cdnwp.tonyrobbins.com/wp-content/uploads/2017/04/podcast-airbnb.jpg]
[www.tonyrobbins.com/podcasts/are-you-a-giver-or-a-taker/index.html]
[cdnwp.tonyrobbins.com/wp-content/uploads/2017/04/podcast-ultimatecustomerexp.jpg]
[www.tonyrobbins.com/podcasts/new-approach-wellness/index.html]
[cdnwp.tonyrobbins.com/wp-content/uploads/2017/06/Melanie-Whelan-Headshot-2-1-370x425.jpg]
[www.tonyrobbins.com/podcasts/ultimate-customer-experience/index.html]
[cdnwp.tonyrobbins.com/wp-content/uploads/2017/03/Unshakeable-Podcast-epidsode-5-370x425.png]
[www.tonyrobbins.com/podcasts/airbnb-art-resilience/index.html]
[www.tonyrobbins.com/podcasts/the-soulcycle-phenomenon/index.html]
[cdnwp.tonyrobbins.com/wp-content/uploads/2017/02/Unshakeable-Podcast-Header-4-370x425.png]
[www.tonyrobbins.com/podcasts/what-is-true-wealth/index.html]
[www.tonyrobbins.com/podcasts/who-can-really-trust/index.html]
[cdnwp.tonyrobbins.com/wp-content/uploads/2017/02/podcast-retirement.jpg]
[www.tonyrobbins.com/podcasts/rescuing-retirement-plans/index.html]
[cdnwp.tonyrobbins.com/wp-content/uploads/2017/02/podcast-halftruths.jpg]
[cdnwp.tonyrobbins.com/wp-content/uploads/2017/02/1-370x425.png]
[cdnwp.tonyrobbins.com/wp-content/uploads/2017/03/podcast-episode-strength.jpg]
[www.tonyrobbins.com/podcasts/hidden-fees-half-truths/index.html]
[www.tonyrobbins.com/podcasts/winter-is-coming/index.html]
[cdnwp.tonyrobbins.com/wp-content/uploads/2016/06/podcast-tile-01a3.jpg]
[cdnwp.tonyrobbins.com/wp-content/uploads/2016/12/podcast-titans.jpg]
[www.tonyrobbins.com/podcasts/becoming-extraordinary-leader/index.html]
[www.tonyrobbins.com/podcasts/amplify-your-strengths-todd-herman/index.html]
[cdnwp.tonyrobbins.com/wp-content/uploads/2016/11/podcast-UPW-tile-044.jpg]
[www.tonyrobbins.com/podcasts/the-tools-of-titans-tim-ferriss/index.html]
[www.tonyrobbins.com/podcasts/3-steps-breakthrough/index.html]
[cdnwp.tonyrobbins.com/wp-content/uploads/2016/10/podcast-UPW-jwooden.jpg]
[www.tonyrobbins.com/podcasts/social-influence-art-of-charm/index.html]
[cdnwp.tonyrobbins.com/wp-content/uploads/2016/07/podcast-UPW-tile-03b2.jpg]
[www.tonyrobbins.com/podcasts/legendary-john-wooden-interview-tony-robbins/index.html]
[www.tonyrobbins.com/podcasts/why-we-do-what-we-do/index.html]
[www.tonyrobbins.com/podcasts/letting-go-fear/index.html]
[cdnwp.tonyrobbins.com/wp-content/uploads/2016/06/podcast-tile-01a2.jpg]
[www.tonyrobbins.com/podcasts/story-behind-tony-robbins-documentary/index.html]
[www.tonyrobbins.com/podcasts/from-the-vault/index.html]
[www.tonyrobbins.com/podcasts/ultimate-success-formula/index.html]
[cdnwp.tonyrobbins.com/wp-content/uploads/2016/06/podcast-episode-012_tile.jpg]
[www.tonyrobbins.com/podcasts/vault-tony-robbins-jay-abraham-part-1/index.html]
[www.tonyrobbins.com/podcasts/vault-tony-robbins-deepak-chopra/index.html]
[www.tonyrobbins.com/podcasts/episode-12/index.html]
[cdnwp.tonyrobbins.com/wp-content/uploads/2016/05/podcast-episode-011_tile.jpg]
[www.tonyrobbins.com/podcasts/episode-11/index.html]
[www.tonyrobbins.com/podcasts/episode-10-takes-entrepreneur/index.html]
[cdnwp.tonyrobbins.com/wp-content/uploads/2016/05/podcast-episode-010_tile.jpg]
[cdnwp.tonyrobbins.com/wp-content/uploads/2016/05/podcast-episode-09_tile.jpg]
[www.tonyrobbins.com/podcasts/episode-9/index.html]
[www.tonyrobbins.com/podcasts/episode-8/index.html]
[cdnwp.tonyrobbins.com/wp-content/uploads/2016/05/podcast-episode-08_tile.jpg]
[cdnwp.tonyrobbins.com/wp-content/uploads/2016/04/podcast-episode-07_tile.jpg]
[cdnwp.tonyrobbins.com/wp-content/uploads/2016/04/podcast-episode-06_tile.jpg]
[www.tonyrobbins.com/podcasts/episode-7/index.html]
[www.tonyrobbins.com/podcasts/episode-6/index.html]
[cdnwp.tonyrobbins.com/wp-content/uploads/2016/04/podcast-episode-05_tile.jpg]
[www.tonyrobbins.com/podcasts/episode-5/index.html]
[cdnwp.tonyrobbins.com/wp-content/uploads/2016/04/podcast-episode-04_tile.jpg]
[www.tonyrobbins.com/podcasts/episode-4/index.html]
[www.tonyrobbins.com/podcasts/episode-3-7-forces-business-mastery/index.html]
[cdnwp.tonyrobbins.com/wp-content/uploads/2016/03/podcast-episode-03_tile.jpg]
[cdnwp.tonyrobbins.com/wp-content/uploads/2016/03/podcast-episode-02_tile.jpg]
[www.tonyrobbins.com/podcasts/episode-2-making-competition-irrelevant/index.html]
[cdnwp.tonyrobbins.com/wp-content/uploads/2016/03/podcast-episode-01_tile.jpg]
[www.tonyrobbins.com/podcasts/index.html]
[www.tonyrobbins.com/platinum-partnership.html]
[www.tonyrobbins.com/wp-json/oembed/1.0/embed8fda.json]
[www.tonyrobbins.com/podcasts/episode-1/index.html]
[www.tonyrobbins.com/sitemap/index.html]
[www.tonyrobbins.com/wp-json/oembed/1.0/embedf30e]
[www.tonyrobbins.com/3-pillars/index.html]
[www.tonyrobbins.com/create-lifetime-customers-funnel/index.html]
[www.tonyrobbins.com/12-acts-kindness/index.html]
[www.tonyrobbins.com/personal-development-process/index.html]
[www.tonyrobbins.com/5-reasons-champions-coach-define-a-vision/index.html]
[www.tonyrobbins.com/wp-json/oembed/1.0/embedac00.json]
[www.tonyrobbins.com/what-is-leadership/leadership-qualities-skills/index.html]
[www.tonyrobbins.com/what-is-leadership/how-to-be-a-good-leader/index.html]
[www.tonyrobbins.com/what-is-leadership/leadership-styles/index.html]
[www.tonyrobbins.com/warm-welcome-tony/index.html]
[www.tonyrobbins.com/achieve-lasting-weight-loss/how-to-enjoy-working-out/index.html]
[www.tonyrobbins.com/ambassador-program/index.html]
[www.tonyrobbins.com/return-policy/index.html]
[www.tonyrobbins.com/wp-json/oembed/1.0/embedda5a]
[www.tonyrobbins.com/achieve-lasting-weight-loss/healthy-guide-dieting-weight-loss/index.html]
[www.tonyrobbins.com/living-primary-question/index.html]
[www.tonyrobbins.com/ask-tony/how-can-i-help-others-with-anxiety/index.html]
[www.tonyrobbins.com/business-coaching-vs-business-results-training/index.html]
[www.tonyrobbins.com/wp-json/oembed/1.0/embed3736.json]
[www.tonyrobbins.com/business-tips/index.html]
[www.tonyrobbins.com/coming-soon/index.html]
[www.tonyrobbins.com/community/apply-to-crew/index.html]
[www.tonyrobbins.com/wp-json/oembed/1.0/embed4489]
[www.tonyrobbins.com/tony-robbins-affiliate-program/index.html]
[www.tonyrobbins.com/contact-error/index.html]
[www.tonyrobbins.com/community/beautiful-state-training/index.html]
[www.tonyrobbins.com/community/event-music/index.html]
[www.tonyrobbins.com/create-basket-brigade/index.html]
[www.tonyrobbins.com/crea-la-ventaja-decisiva-para-ganar/index.html]
[www.tonyrobbins.com/creating-lasting-change-landing-page/index.html]
[www.tonyrobbins.com/crew-faq/index.html]
[www.tonyrobbins.com/wp-json/oembed/1.0/embeded1c.json]
[www.tonyrobbins.com/decouvrez-votre-raison-detre/index.html]
[www.tonyrobbins.com/dealing-with-grief/index.html]
[www.tonyrobbins.com/crew-positions/index.html]
[www.tonyrobbins.com/descubre-tu-proposito-garrett/index.html]
[www.tonyrobbins.com/descubre-tu-proposito-jeff/index.html]
[www.tonyrobbins.com/descubre-tu-proposito/index.html]
[www.tonyrobbins.com/wp-json/oembed/1.0/embed8f57]
[www.tonyrobbins.com/documentary/index.html]
[www.tonyrobbins.com/empower-yourself-through-action/index.html]
[www.tonyrobbins.com/energyforlife/index.html]
[cdnwp.tonyrobbins.com/wp-content/uploads/2016/08/growth-addiction_seedling-gorwing_blog-header1280_credit-shutterstock-KYTan-550x234.jpg]
[www.tonyrobbins.com/entdecke-den-sinn-deines-lebens/index.html]
[www.tonyrobbins.com/executive-coaching/index.html]
[www.tonyrobbins.com/experiences/index.html]
[www.tonyrobbins.com/first-decision-focus/index.html]
[disc-app.tonyrobbins.com/js/disc-connector.js]
[www.tonyrobbins.com/truegift/index.html]
[cdnwp.tonyrobbins.com/wp-content/uploads/2017/03/podcast-episode-09_tile.jpg]
[www.tonyrobbins.com/happy-birthday-tony-robbins/index.html]
[www.tonyrobbins.com/health-disclaimer/index.html]
[www.tonyrobbins.com/healthy-lifestyle/index.html]
[cdnwp.tonyrobbins.com/wp-content/uploads/2017/01/DiSC-300x300.jpg]
[cdnwp.tonyrobbins.com/wp-content/uploads/2017/01/2-column-growth-550x367.jpg]
[cdnwp.tonyrobbins.com/wp-content/uploads/2017/01/1-copy-413x550.jpg]
[www.tonyrobbins.com/disc/index.html]
[www.tonyrobbins.com/how-to-be-confident/index.html]
[www.tonyrobbins.com/how-to-look-confident/index.html]
[www.tonyrobbins.com/how-to-be-successful/index.html]
[www.tonyrobbins.com/komm-auf-die-siegerstrase/index.html]
[www.tonyrobbins.com/first-master-step-creating-lasting-change/index.html]
[www.tonyrobbins.com/keep-passion-alive/index.html]
[www.tonyrobbins.com/wp-json/oembed/1.0/embed59ca.json]
[www.tonyrobbins.com/leadership-second-master-step/index.html]
[www.tonyrobbins.com/wp-json/oembed/1.0/embed414a]
[www.tonyrobbins.com/memorial-day-coaching/index.html]
[cdnwp.tonyrobbins.com/wp-content/uploads/2015/11/shutterstock_259352075-e1455670084772.jpg]
[www.tonyrobbins.com/coaching/30-day-checkup/index.html]
[www.tonyrobbins.com/media-inquiries/index.html]
[www.tonyrobbins.com/leadership-third-master-step/index.html]
[www.tonyrobbins.com/coaching/30-day-checkup-handraisers/index.html]
[www.tonyrobbins.com/coaching/find-inner-champion/index.html]
[www.tonyrobbins.com/wp-json/oembed/1.0/embed8c1f.json]
[www.tonyrobbins.com/coaching/get-the-edge/index.html]
[www.tonyrobbins.com/wp-json/oembed/1.0/embed28a6]
[www.tonyrobbins.com/contact-us/index.html]
[www.tonyrobbins.com/lh/index.html]
[www.tonyrobbins.com/mastering-influence-risk-free/index.html]
[www.tonyrobbins.com/wp-content/plugins/accelerated-mobile-pages/templates/design-manager/design-3/fonts/icomoon.svg]
[www.tonyrobbins.com/momentum/index.html]
[www.tonyrobbins.com/results-workshop/index.html]
[cdnwp.tonyrobbins.com/wp-content/uploads/2017/10/DT1920x818-550x234.jpg]
[www.tonyrobbins.com/money-master-game/index.html]
[cdnwp.tonyrobbins.com/wp-content/uploads/2017/10/ContentMarketing_DMS-550x367.jpg]
[www.tonyrobbins.com/career-business/amp/index.html]
[www.tonyrobbins.com/official-rules-date-destiny/index.html]
[www.tonyrobbins.com/my-mastery-coaching/index.html]
[www.tonyrobbins.com/passion/index.html]
[www.tonyrobbins.com/peak-performance-60/index.html]
[www.tonyrobbins.com/official-rules-fiji/index.html]
[www.tonyrobbins.com/personal-power-2/index.html]
[www.tonyrobbins.com/platfrance/index.html]
[cdnwp.tonyrobbins.com/wp-content/uploads/2017/06/Cryo-relief_Woman-training_header-image_credit-shutterstock-izf-550x234.jpg]
[www.tonyrobbins.com/life-mastery/index.html]
[www.tonyrobbins.com/platindia/index.html]
[www.tonyrobbins.com/platinum-test/index.html]
[www.tonyrobbins.com/personal-growth/communication-styles/index.html]
[www.tonyrobbins.com/personal-growth/forgiveness-heals/index.html]
[cdnwp.tonyrobbins.com/wp-content/uploads/2016/05/Mothers-Day-Post_Sick-kids_Header_Credit-bubutu-shutterstock-550x234.jpg]
[www.tonyrobbins.com/health-vitality/amp/index.html]
[www.tonyrobbins.com/personal-growth/index.html]
[www.tonyrobbins.com/personal-growth/reframing-posttraumatic-growth/index.html]
[www.tonyrobbins.com/personal-growth/need-for-significance/index.html]
[www.tonyrobbins.com/personal-growth/nonverbal-communication/index.html]
[www.tonyrobbins.com/personal-growth/champion-of-women/index.html]
[www.tonyrobbins.com/personal-growth/women-empowered/index.html]
[www.tonyrobbins.com/refer-a-colleague/index.html]
[cdnwp.tonyrobbins.com/wp-content/uploads/2017/06/public-speaking_woman-addressing-boardroom_blog-header_credit-shutterstock-monkey-business-images-550x234.jpg]
[www.tonyrobbins.com/refer-a-friend-results-coaching/index.html]
[www.tonyrobbins.com/event-reg-fail/index.html]
[www.tonyrobbins.com/masterpiece-coaching/index.html]
[www.tonyrobbins.com/revitalize-and-renew-at-life-wealth-mastery/index.html]
[cdnwp.tonyrobbins.com/wp-content/uploads/2017/06/HowtobeConvincing-550x234.jpg]
[www.tonyrobbins.com/results-coaching-3/index.html]
[www.tonyrobbins.com/sales-confidence/index.html]
[www.tonyrobbins.com/rri-beautiful-state-2016-recap/index.html]
[www.tonyrobbins.com/solution-finder/index.html]
[www.tonyrobbins.com/take-busies-to-the-next-level/index.html]
[www.tonyrobbins.com/scopri-lo-scopo-della-tua-vita/index.html]
[cdnwp.tonyrobbins.com/wp-content/uploads/2017/06/FindingRightKey-550x234.jpg]
[www.tonyrobbins.com/holiday-coaching/index.html]
[www.tonyrobbins.com/holiday-coaching-copy-2/index.html]
[www.tonyrobbins.com/holiday-coaching-1/index.html]
[cdnwp.tonyrobbins.com/wp-content/uploads/2016/10/Global-meat-consumption-chart-550x535.html]
[www.tonyrobbins.com/leadership-impact/amp/index.html]
[www.tonyrobbins.com/love-relationships/amp/index.html]
[www.tonyrobbins.com/mind-meaning/amp/index.html]
[www.tonyrobbins.com/productivity-performance/amp/index.html]
[www.tonyrobbins.com/wealth-lifestyle/amp/index.html]
[www.tonyrobbins.com/news/behind-scenes-upw-chicago/amp/index.html]
[www.tonyrobbins.com/news/stanley-cup-finals-personal-ai/amp/index.html]
[www.tonyrobbins.com/health-vitality/break-out-of-your-breakfast-rut/amp/index.html]
[www.tonyrobbins.com/career-business/the-power-of-leverage/amp/index.html]
[www.tonyrobbins.com/news/amp/index.html]
[www.tonyrobbins.com/news/from-vatican-city-to-the-nba-finals/amp/index.html]
[www.tonyrobbins.com/productivity-performance/time-sucks/amp/index.html]
[www.tonyrobbins.com/career-business/hunger-will-destroy-your-fear-of-failure/amp/index.html]
[www.tonyrobbins.com/mind-meaning/the-power-of-deep-listening/amp/index.html]
[www.tonyrobbins.com/leadership-impact/sustainable-giving-better-living/amp/index.html]
[www.tonyrobbins.com/mind-meaning/let-go-past/amp/index.html]
[www.tonyrobbins.com/amp/page/2/index.html]
[fast.fonts.net/t/19c59.css]
[www.tonyrobbins.com/wp-content/themes/tonyrobbins2016/fonts/stylesheet.css]
[www.tonyrobbins.com/wp-content/themes/tonyrobbins2016/images/x_white.svg]
[www.tonyrobbins.com/wp-content/themes/tonyrobbins2016/fonts/social/icomoonb94b.svg]
[www.tonyrobbins.com/wp-content/themes/tonyrobbins2016/images/x.svg]
[www.tonyrobbins.com/wp-content/themes/tonyrobbins2016/owl.video.play.html]
[www.tonyrobbins.com/wp-content/themes/tonyrobbins2016/images/section-grey-image-shadow.html]
[www.tonyrobbins.com/jquery.build.html]
[www.tonyrobbins.com/jquery.html]
[www.tonyrobbins.com/fieldHelpers.html]
[www.tonyrobbins.com/measure.html]
[www.tonyrobbins.com/yepnope.html]
[www.tonyrobbins.com/fields/fieldHelpers.html]
[www.tonyrobbins.com/modernizr.html]
[www.tonyrobbins.com/indexf1c7.html]
[www.tonyrobbins.com/assessments.html]
[www.tonyrobbins.com/ask-tony/grow-my-business/index.html]
[www.tonyrobbins.com/ask-tony/can-begin-cycle-success-business/index.html]
[www.tonyrobbins.com/ask-tony/build-the-best-team/index.html]
[www.tonyrobbins.com/ask-tony/how-to-hire-right/index.html]
[www.tonyrobbins.com/ask-tony/effective-communication/index.html]
[www.tonyrobbins.com/ask-tony/develop-healthier-habits/index.html]
[www.tonyrobbins.com/ask-tony/the-body-you-want/index.html]
[www.tonyrobbins.com/terminos-y-condiciones/index.html]
[www.tonyrobbins.com/ask-tony/peak-physical-health/index.html]
[www.tonyrobbins.com/ask-tony/live-healthier/index.html]
[www.tonyrobbins.com/ask-tony/how-do-i-influence-people/index.html]
[www.tonyrobbins.com/ask-tony/make-difficult-emotional-decisions/index.html]
[www.tonyrobbins.com/ask-tony/fulfillment/index.html]
[www.tonyrobbins.com/ask-tony/can-create-compelling-future/index.html]
[www.tonyrobbins.com/ask-tony/priming/index.html]
[www.tonyrobbins.com/ask-tony/extraordinary-relationship/index.html]
[www.tonyrobbins.com/ask-tony/polarity/index.html]
[www.tonyrobbins.com/ask-tony/relationships-stressors/index.html]
[www.tonyrobbins.com/ask-tony/how-good-of-a-partner-are-you/index.html]
[www.tonyrobbins.com/ask-tony/ultimate-relationship-assessment/index.html]
[www.tonyrobbins.com/ask-tony/why-do-i-do-what-i-do/index.html]
[www.tonyrobbins.com/ask-tony/how-to-achieve-everything/index.html]
[www.tonyrobbins.com/ask-tony/never-ending-improvement/index.html]
[www.tonyrobbins.com/ask-tony/habits-that-make-you-great/index.html]
[www.tonyrobbins.com/ask-tony/feel-happier/index.html]
[www.tonyrobbins.com/ask-tony/cycle-of-meaning/index.html]
[www.tonyrobbins.com/ask-tony/how-to-deal-with-depression/index.html]
[www.tonyrobbins.com/ask-tony/why-do-i-feel-anxious/index.html]
[www.tonyrobbins.com/ask-tony/how-do-i-treat-anxiety/index.html]
[www.tonyrobbins.com/ask-tony/get-motivated/index.html]
[www.tonyrobbins.com/ask-tony/do-more-with-less/index.html]
[www.tonyrobbins.com/ask-tony/making-tough-decisions/index.html]
[www.tonyrobbins.com/ask-tony/more-time/index.html]
[www.tonyrobbins.com/ask-tony/financial-future/index.html]
